Archive member included to satisfy reference by file (symbol)

/opt/dev-env/CC/others/gcc-arm-none-eabi-10.3-2021.10/bin/../lib/gcc/arm-none-eabi/10.3.1/thumb/v6-m/nofp/libgcc.a(_udivsi3.o)
                              obj/base58.o (__aeabi_uidiv)
/opt/dev-env/CC/others/gcc-arm-none-eabi-10.3-2021.10/bin/../lib/gcc/arm-none-eabi/10.3.1/thumb/v6-m/nofp/libgcc.a(_divsi3.o)
                              obj/base58.o (__aeabi_idiv)
/opt/dev-env/CC/others/gcc-arm-none-eabi-10.3-2021.10/bin/../lib/gcc/arm-none-eabi/10.3.1/thumb/v6-m/nofp/libgcc.a(_dvmd_tls.o)
                              /opt/dev-env/CC/others/gcc-arm-none-eabi-10.3-2021.10/bin/../lib/gcc/arm-none-eabi/10.3.1/thumb/v6-m/nofp/libgcc.a(_udivsi3.o) (__aeabi_idiv0)
/opt/dev-env/CC/others/gcc-arm-none-eabi-10.3-2021.10/bin/../lib/gcc/arm-none-eabi/10.3.1/thumb/v6-m/nofp/libgcc.a(_aeabi_ldivmod.o)
                              obj/format.o (__aeabi_ldivmod)
/opt/dev-env/CC/others/gcc-arm-none-eabi-10.3-2021.10/bin/../lib/gcc/arm-none-eabi/10.3.1/thumb/v6-m/nofp/libgcc.a(_aeabi_uldivmod.o)
                              obj/format.o (__aeabi_uldivmod)
/opt/dev-env/CC/others/gcc-arm-none-eabi-10.3-2021.10/bin/../lib/gcc/arm-none-eabi/10.3.1/thumb/v6-m/nofp/libgcc.a(_muldi3.o)
                              obj/format.o (__aeabi_lmul)
/opt/dev-env/CC/others/gcc-arm-none-eabi-10.3-2021.10/bin/../lib/gcc/arm-none-eabi/10.3.1/thumb/v6-m/nofp/libgcc.a(_udivmoddi4.o)
                              /opt/dev-env/CC/others/gcc-arm-none-eabi-10.3-2021.10/bin/../lib/gcc/arm-none-eabi/10.3.1/thumb/v6-m/nofp/libgcc.a(_aeabi_uldivmod.o) (__udivmoddi4)
/opt/dev-env/CC/others/gcc-arm-none-eabi-10.3-2021.10/bin/../lib/gcc/arm-none-eabi/10.3.1/thumb/v6-m/nofp/libgcc.a(bpabi.o)
                              /opt/dev-env/CC/others/gcc-arm-none-eabi-10.3-2021.10/bin/../lib/gcc/arm-none-eabi/10.3.1/thumb/v6-m/nofp/libgcc.a(_aeabi_ldivmod.o) (__gnu_ldivmod_helper)
/opt/dev-env/CC/others/gcc-arm-none-eabi-10.3-2021.10/bin/../lib/gcc/arm-none-eabi/10.3.1/thumb/v6-m/nofp/libgcc.a(_clzdi2.o)
                              /opt/dev-env/CC/others/gcc-arm-none-eabi-10.3-2021.10/bin/../lib/gcc/arm-none-eabi/10.3.1/thumb/v6-m/nofp/libgcc.a(_udivmoddi4.o) (__clzdi2)
/opt/dev-env/CC/others/gcc-arm-none-eabi-10.3-2021.10/bin/../lib/gcc/arm-none-eabi/10.3.1/thumb/v6-m/nofp/libgcc.a(_divdi3.o)
                              /opt/dev-env/CC/others/gcc-arm-none-eabi-10.3-2021.10/bin/../lib/gcc/arm-none-eabi/10.3.1/thumb/v6-m/nofp/libgcc.a(bpabi.o) (__divdi3)
/opt/dev-env/CC/others/gcc-arm-none-eabi-10.3-2021.10/bin/../lib/gcc/arm-none-eabi/10.3.1/thumb/v6-m/nofp/libgcc.a(_clzsi2.o)
                              /opt/dev-env/CC/others/gcc-arm-none-eabi-10.3-2021.10/bin/../lib/gcc/arm-none-eabi/10.3.1/thumb/v6-m/nofp/libgcc.a(_clzdi2.o) (__clzsi2)
/opt/dev-env/CC/others/gcc-arm-none-eabi-10.3-2021.10/bin/../lib/gcc/arm-none-eabi/10.3.1/../../../../arm-none-eabi/lib/thumb/v6-m/nofp/libc_nano.a(lib_a-aeabi_memclr.o)
                              obj/os_io_usb.o (__aeabi_memclr)
/opt/dev-env/CC/others/gcc-arm-none-eabi-10.3-2021.10/bin/../lib/gcc/arm-none-eabi/10.3.1/../../../../arm-none-eabi/lib/thumb/v6-m/nofp/libc_nano.a(lib_a-aeabi_memcpy.o)
                              obj/base58.o (__aeabi_memcpy)
/opt/dev-env/CC/others/gcc-arm-none-eabi-10.3-2021.10/bin/../lib/gcc/arm-none-eabi/10.3.1/../../../../arm-none-eabi/lib/thumb/v6-m/nofp/libc_nano.a(lib_a-aeabi_memmove.o)
                              obj/buffer.o (__aeabi_memmove)
/opt/dev-env/CC/others/gcc-arm-none-eabi-10.3-2021.10/bin/../lib/gcc/arm-none-eabi/10.3.1/../../../../arm-none-eabi/lib/thumb/v6-m/nofp/libc_nano.a(lib_a-aeabi_memset.o)
                              obj/base58.o (__aeabi_memset)
/opt/dev-env/CC/others/gcc-arm-none-eabi-10.3-2021.10/bin/../lib/gcc/arm-none-eabi/10.3.1/../../../../arm-none-eabi/lib/thumb/v6-m/nofp/libc_nano.a(lib_a-explicit_bzero.o)
                              obj/archethic.o (explicit_bzero)
/opt/dev-env/CC/others/gcc-arm-none-eabi-10.3-2021.10/bin/../lib/gcc/arm-none-eabi/10.3.1/../../../../arm-none-eabi/lib/thumb/v6-m/nofp/libc_nano.a(lib_a-memcmp.o)
                              obj/os.o (memcmp)
/opt/dev-env/CC/others/gcc-arm-none-eabi-10.3-2021.10/bin/../lib/gcc/arm-none-eabi/10.3.1/../../../../arm-none-eabi/lib/thumb/v6-m/nofp/libc_nano.a(lib_a-memcpy-stub.o)
                              /opt/dev-env/CC/others/gcc-arm-none-eabi-10.3-2021.10/bin/../lib/gcc/arm-none-eabi/10.3.1/../../../../arm-none-eabi/lib/thumb/v6-m/nofp/libc_nano.a(lib_a-aeabi_memcpy.o) (memcpy)
/opt/dev-env/CC/others/gcc-arm-none-eabi-10.3-2021.10/bin/../lib/gcc/arm-none-eabi/10.3.1/../../../../arm-none-eabi/lib/thumb/v6-m/nofp/libc_nano.a(lib_a-memmove.o)
                              /opt/dev-env/CC/others/gcc-arm-none-eabi-10.3-2021.10/bin/../lib/gcc/arm-none-eabi/10.3.1/../../../../arm-none-eabi/lib/thumb/v6-m/nofp/libc_nano.a(lib_a-aeabi_memmove.o) (memmove)
[...]
Memory Configuration

Name             Origin             Length             Attributes
DISCARD          0x00000000d0000000 0x0000000000100000 xrw
FLASH            0x00000000c0d00000 0x0000000000064000 xr
SRAM             0x0000000020000200 0x0000000000001200 xrw
CXSRAM           0x0000000020001400 0x0000000000000400 xrw
*default*        0x0000000000000000 0xffffffffffffffff

Linker script and memory map

LOAD obj/archethic.o
LOAD obj/base58.o
LOAD obj/bip32.o
LOAD obj/buffer.o
LOAD obj/checks.o
LOAD obj/cx_stubs.o
LOAD obj/format.o
LOAD obj/getPublicKey.o
LOAD obj/getVersion.o
LOAD obj/glyphs.o
LOAD obj/io.o
LOAD obj/main.o
LOAD obj/menu.o
LOAD obj/os.o
LOAD obj/os_io_seproxyhal.o
LOAD obj/os_io_task.o
LOAD obj/os_io_usb.o
LOAD obj/os_printf.o
LOAD obj/pic.o
LOAD obj/pic_internal.o
LOAD obj/read.o
LOAD obj/signHash.o
LOAD obj/svc_call.o
LOAD obj/svc_cx_call.o
LOAD obj/syscalls.o
LOAD obj/u2f_impl.o
LOAD obj/u2f_io.o
LOAD obj/usbd_ccid_cmd.o
LOAD obj/usbd_ccid_core.o
LOAD obj/usbd_ccid_if.o
LOAD obj/usbd_conf.o
LOAD obj/usbd_core.o
LOAD obj/usbd_ctlreq.o
LOAD obj/usbd_hid.o
LOAD obj/usbd_impl.o
LOAD obj/usbd_ioreq.o
LOAD obj/ux_flow_engine.o
LOAD obj/ux_layout_bb.o
LOAD obj/ux_layout_bn.o
LOAD obj/ux_layout_bnn.o
LOAD obj/ux_layout_bnnn.o
LOAD obj/ux_layout_nn.o
LOAD obj/ux_layout_nnbnn.o
LOAD obj/ux_layout_nnn.o
LOAD obj/ux_layout_nnnn.o
LOAD obj/ux_layout_paging.o
LOAD obj/ux_layout_paging_compute.o
LOAD obj/ux_layout_pb.o
LOAD obj/ux_layout_pbb.o
LOAD obj/ux_layout_pn.o
LOAD obj/ux_layout_pnn.o
LOAD obj/ux_layout_utils.o
LOAD obj/ux_legacy.o
LOAD obj/ux_menulist.o
LOAD obj/ux_stack.o
LOAD obj/varint.o
LOAD obj/write.o
LOAD /opt/dev-env/CC/others/gcc-arm-none-eabi-10.3-2021.10/bin/../lib/gcc/arm-none-eabi/10.3.1/../../../../arm-none-eabi/lib/thumb/v6-m/nofp/libm.a
LOAD /opt/dev-env/CC/others/gcc-arm-none-eabi-10.3-2021.10/bin/../lib/gcc/arm-none-eabi/10.3.1/thumb/v6-m/nofp/libgcc.a
LOAD /opt/dev-env/CC/others/gcc-arm-none-eabi-10.3-2021.10/bin/../lib/gcc/arm-none-eabi/10.3.1/../../../../arm-none-eabi/lib/thumb/v6-m/nofp/libc_nano.a
START GROUP
LOAD /opt/dev-env/CC/others/gcc-arm-none-eabi-10.3-2021.10/bin/../lib/gcc/arm-none-eabi/10.3.1/thumb/v6-m/nofp/libgcc.a
LOAD /opt/dev-env/CC/others/gcc-arm-none-eabi-10.3-2021.10/bin/../lib/gcc/arm-none-eabi/10.3.1/../../../../arm-none-eabi/lib/thumb/v6-m/nofp/libg_nano.a
LOAD /opt/dev-env/CC/others/gcc-arm-none-eabi-10.3-2021.10/bin/../lib/gcc/arm-none-eabi/10.3.1/../../../../arm-none-eabi/lib/thumb/v6-m/nofp/libc_nano.a
END GROUP
START GROUP
LOAD /opt/dev-env/CC/others/gcc-arm-none-eabi-10.3-2021.10/bin/../lib/gcc/arm-none-eabi/10.3.1/thumb/v6-m/nofp/libgcc.a
LOAD /opt/dev-env/CC/others/gcc-arm-none-eabi-10.3-2021.10/bin/../lib/gcc/arm-none-eabi/10.3.1/../../../../arm-none-eabi/lib/thumb/v6-m/nofp/libc_nano.a
END GROUP
                0x0000000000000040                PAGE_SIZE = 0x40
                0x0000000000000400                STACK_SIZE = DEFINED (stack_size)?stack_size:0x400
                0x0000000020001400                END_STACK = (ORIGIN (SRAM) + LENGTH (SRAM))
                0x0000000000000000                OFF_G_cx = (0x20001400 - ORIGIN (CXSRAM))
                0x0000000000120001                _cx_trampoline = 0x120001

.text           0x00000000c0d00000     0x3980
                0x00000000c0d00000                _text = .
                0x00000000c0d00000                _nvram_start = .
 *(.boot*)
 .boot          0x00000000c0d00000       0x74 obj/main.o
                0x00000000c0d00000                main
 *(.text*)
 .text.deriveArchEthicKeyPair
                0x00000000c0d00074       0x94 obj/archethic.o
                0x00000000c0d00074                deriveArchEthicKeyPair
 .text.cx_ecfp_generate_pair_no_throw
                0x00000000c0d00108        0xc obj/cx_stubs.o
                0x00000000c0d00108                cx_ecfp_generate_pair_no_throw
 .text.cx_ecfp_init_private_key_no_throw
                0x00000000c0d00114        0xc obj/cx_stubs.o
                0x00000000c0d00114                cx_ecfp_init_private_key_no_throw
 .text.cx_ecfp_init_public_key_no_throw
                0x00000000c0d00120        0xc obj/cx_stubs.o
                0x00000000c0d00120                cx_ecfp_init_public_key_no_throw
 .text.cx_rng_no_throw
                0x00000000c0d0012c        0xc obj/cx_stubs.o
                0x00000000c0d0012c                cx_rng_no_throw
 .text.cx_swap_uint64
                0x00000000c0d00138       0x14 obj/cx_stubs.o
                0x00000000c0d00138                cx_swap_uint64
 .text.handleGetPublicKey
                0x00000000c0d0014c      0x10c obj/getPublicKey.o
                0x00000000c0d0014c                handleGetPublicKey
 .text.ui_getPublicKey_approve_button
                0x00000000c0d00258       0x58 obj/getPublicKey.o
 .text.handleGetVersion
                0x00000000c0d002b0       0x50 obj/getVersion.o
                0x00000000c0d002b0                handleGetVersion
 .text.io_seproxyhal_display
                0x00000000c0d00300        0x8 obj/io.o
                0x00000000c0d00300                io_seproxyhal_display
 .text.io_event
                0x00000000c0d00308      0x50c obj/io.o
                0x00000000c0d00308                io_event
 .text.io_exchange_al
                0x00000000c0d00814       0x44 obj/io.o
                0x00000000c0d00814                io_exchange_al
 .text.io_exchange_with_code
                0x00000000c0d00858       0x20 obj/main.o
                0x00000000c0d00858                io_exchange_with_code
 .text.archethic_main
                0x00000000c0d00878      0x134 obj/main.o
 .text.app_exit
                0x00000000c0d009ac       0x40 obj/main.o
 .text.ux_menu_about_step_validateinit
                0x00000000c0d009ec       0x14 obj/menu.o
                0x00000000c0d009ec                ux_menu_about_step_validateinit
 .text.ux_menu_exit_step_validateinit
                0x00000000c0d00a00        0xa obj/menu.o
                0x00000000c0d00a00                ux_menu_exit_step_validateinit
 *fill*         0x00000000c0d00a0a        0x2 00
 .text.ui_menu_main
                0x00000000c0d00a0c       0x24 obj/menu.o
                0x00000000c0d00a0c                ui_menu_main
 .text.ux_menu_back_step_validateinit
                0x00000000c0d00a30        0x8 obj/menu.o
                0x00000000c0d00a30                ux_menu_back_step_validateinit
 .text.ui_idle  0x00000000c0d00a38        0x2 obj/menu.o
                0x00000000c0d00a38                ui_idle
 .text.os_boot  0x00000000c0d00a3a        0xa obj/os.o
                0x00000000c0d00a3a                os_boot
 .text.os_longjmp
                0x00000000c0d00a44       0x1c obj/os.o
                0x00000000c0d00a44                os_longjmp
 .text.io_seproxyhal_general_status
                0x00000000c0d00a60       0x14 obj/os_io_seproxyhal.o
                0x00000000c0d00a60                io_seproxyhal_general_status
 .text.io_seproxyhal_handle_usb_event
                0x00000000c0d00a74       0x68 obj/os_io_seproxyhal.o
                0x00000000c0d00a74                io_seproxyhal_handle_usb_event
 .text.io_seproxyhal_get_ep_rx_size
                0x00000000c0d00adc       0x18 obj/os_io_seproxyhal.o
                0x00000000c0d00adc                io_seproxyhal_get_ep_rx_size
 .text.io_seproxyhal_handle_usb_ep_xfer_event
                0x00000000c0d00af4       0x64 obj/os_io_seproxyhal.o
                0x00000000c0d00af4                io_seproxyhal_handle_usb_ep_xfer_event
 .text.io_usb_send_ep
                0x00000000c0d00b58       0x4c obj/os_io_seproxyhal.o
                0x00000000c0d00b58                io_usb_send_ep
 .text.io_usb_send_apdu_data
                0x00000000c0d00ba4       0x10 obj/os_io_seproxyhal.o
                0x00000000c0d00ba4                io_usb_send_apdu_data
 .text.io_usb_send_apdu_data_ep0x83
                0x00000000c0d00bb4       0x10 obj/os_io_seproxyhal.o
                0x00000000c0d00bb4                io_usb_send_apdu_data_ep0x83
 .text.io_seproxyhal_handle_event
                0x00000000c0d00bc4       0xa8 obj/os_io_seproxyhal.o
                0x00000000c0d00bc4                io_seproxyhal_handle_event
 .text.io_seproxyhal_init
                0x00000000c0d00c6c       0x30 obj/os_io_seproxyhal.o
                0x00000000c0d00c6c                io_seproxyhal_init
 .text.io_seproxyhal_init_ux
                0x00000000c0d00c9c        0x2 obj/os_io_seproxyhal.o
                0x00000000c0d00c9c                io_seproxyhal_init_ux
 *fill*         0x00000000c0d00c9e        0x2 00
 .text.io_seproxyhal_init_button
                0x00000000c0d00ca0       0x10 obj/os_io_seproxyhal.o
                0x00000000c0d00ca0                io_seproxyhal_init_button
 .text.io_seproxyhal_display_icon
                0x00000000c0d00cb0       0x98 obj/os_io_seproxyhal.o
                0x00000000c0d00cb0                io_seproxyhal_display_icon
 .text.io_seproxyhal_display_default
                0x00000000c0d00d48       0x88 obj/os_io_seproxyhal.o
                0x00000000c0d00d48                io_seproxyhal_display_default
 .text.io_seproxyhal_button_push
                0x00000000c0d00dd0       0x64 obj/os_io_seproxyhal.o
                0x00000000c0d00dd0                io_seproxyhal_button_push
 .text.os_io_seproxyhal_get_app_name_and_version
                0x00000000c0d00e34       0x48 obj/os_io_seproxyhal.o
                0x00000000c0d00e34                os_io_seproxyhal_get_app_name_and_version
 .text.io_exchange
                0x00000000c0d00e7c      0x278 obj/os_io_seproxyhal.o
                0x00000000c0d00e7c                io_exchange
 .text.os_io_seph_recv_and_process
                0x00000000c0d010f4       0x4c obj/os_io_seproxyhal.o
                0x00000000c0d010f4                os_io_seph_recv_and_process
 .text.mcu_usb_printc
                0x00000000c0d01140       0x2a obj/os_io_seproxyhal.o
                0x00000000c0d01140                mcu_usb_printc
 *fill*         0x00000000c0d0116a        0x2 00
 .text.io_usb_hid_receive
                0x00000000c0d0116c      0x140 obj/os_io_usb.o
                0x00000000c0d0116c                io_usb_hid_receive
 .text.io_usb_hid_init
                0x00000000c0d012ac       0x1c obj/os_io_usb.o
                0x00000000c0d012ac                io_usb_hid_init
 .text.io_usb_hid_sent
                0x00000000c0d012c8       0xbc obj/os_io_usb.o
                0x00000000c0d012c8                io_usb_hid_sent
 .text.io_usb_hid_send
                0x00000000c0d01384       0x34 obj/os_io_usb.o
                0x00000000c0d01384                io_usb_hid_send
 .text.mcu_usb_prints
                0x00000000c0d013b8       0x54 obj/os_printf.o
                0x00000000c0d013b8                mcu_usb_prints
 .text.mcu_usb_printf
                0x00000000c0d0140c      0x33c obj/os_printf.o
                0x00000000c0d0140c                screen_printf
                0x00000000c0d0140c                mcu_usb_printf
 .text.pic      0x00000000c0d01748       0x1c obj/pic.o
                0x00000000c0d01748                pic
 .text.pic_internal
                0x00000000c0d01764       0x10 obj/pic_internal.o
                0x00000000c0d01764                pic_internal
 .text.handleSignHash
                0x00000000c0d01774       0x28 obj/signHash.o
                0x00000000c0d01774                handleSignHash
 .text          0x00000000c0d0179c        0xe obj/svc_call.o
                0x00000000c0d0179c                SVC_Call
 *fill*         0x00000000c0d017aa        0x2 00
 .text.get_api_level
                0x00000000c0d017ac       0x1c obj/syscalls.o
                0x00000000c0d017ac                get_api_level
 .text.halt     0x00000000c0d017c8       0x18 obj/syscalls.o
                0x00000000c0d017c8                halt
 .text.os_perso_isonboarded
                0x00000000c0d017e0       0x1c obj/syscalls.o
                0x00000000c0d017e0                os_perso_isonboarded
 .text.os_perso_derive_node_bip32
                0x00000000c0d017fc       0x20 obj/syscalls.o
                0x00000000c0d017fc                os_perso_derive_node_bip32
 .text.os_perso_seed_cookie
                0x00000000c0d0181c       0x18 obj/syscalls.o
                0x00000000c0d0181c                os_perso_seed_cookie
 .text.os_global_pin_is_validated
                0x00000000c0d01834       0x1c obj/syscalls.o
                0x00000000c0d01834                os_global_pin_is_validated
 .text.os_ux    0x00000000c0d01850       0x1c obj/syscalls.o
                0x00000000c0d01850                os_ux
 .text.os_flags
                0x00000000c0d0186c       0x18 obj/syscalls.o
                0x00000000c0d0186c                os_flags
 .text.os_registry_get_current_app_tag
                0x00000000c0d01884       0x18 obj/syscalls.o
                0x00000000c0d01884                os_registry_get_current_app_tag
 .text.os_sched_exit
                0x00000000c0d0189c       0x1c obj/syscalls.o
                0x00000000c0d0189c                os_sched_exit
 .text.io_seph_send
                0x00000000c0d018b8       0x18 obj/syscalls.o
                0x00000000c0d018b8                io_seph_send
 .text.io_seph_is_status_sent
                0x00000000c0d018d0       0x18 obj/syscalls.o
                0x00000000c0d018d0                io_seph_is_status_sent
 .text.io_seph_recv
                0x00000000c0d018e8       0x1c obj/syscalls.o
                0x00000000c0d018e8                io_seph_recv
 .text.try_context_get
                0x00000000c0d01904       0x18 obj/syscalls.o
                0x00000000c0d01904                try_context_get
 .text.try_context_set
                0x00000000c0d0191c       0x1c obj/syscalls.o
                0x00000000c0d0191c                try_context_set
 .text.os_sched_last_status
                0x00000000c0d01938       0x1c obj/syscalls.o
                0x00000000c0d01938                os_sched_last_status
 .text.USBD_LL_Init
                0x00000000c0d01954       0x14 obj/usbd_conf.o
                0x00000000c0d01954                USBD_LL_Init
 .text.USBD_LL_DeInit
                0x00000000c0d01968       0x24 obj/usbd_conf.o
                0x00000000c0d01968                USBD_LL_DeInit
 .text.USBD_LL_Start
                0x00000000c0d0198c       0x38 obj/usbd_conf.o
                0x00000000c0d0198c                USBD_LL_Start
 .text.USBD_LL_Stop
                0x00000000c0d019c4       0x22 obj/usbd_conf.o
                0x00000000c0d019c4                USBD_LL_Stop
 *fill*         0x00000000c0d019e6        0x2 00
 .text.USBD_LL_OpenEP
                0x00000000c0d019e8       0x60 obj/usbd_conf.o
                0x00000000c0d019e8                USBD_LL_OpenEP
 .text.USBD_LL_StallEP
                0x00000000c0d01a48       0x48 obj/usbd_conf.o
                0x00000000c0d01a48                USBD_LL_StallEP
 .text.USBD_LL_ClearStallEP
                0x00000000c0d01a90       0x48 obj/usbd_conf.o
                0x00000000c0d01a90                USBD_LL_ClearStallEP
 .text.USBD_LL_IsStallEP
                0x00000000c0d01ad8       0x20 obj/usbd_conf.o
                0x00000000c0d01ad8                USBD_LL_IsStallEP
 .text.USBD_LL_SetUSBAddress
                0x00000000c0d01af8       0x24 obj/usbd_conf.o
                0x00000000c0d01af8                USBD_LL_SetUSBAddress
 .text.USBD_LL_Transmit
                0x00000000c0d01b1c       0x32 obj/usbd_conf.o
                0x00000000c0d01b1c                USBD_LL_Transmit
 .text.USBD_LL_PrepareReceive
                0x00000000c0d01b4e       0x26 obj/usbd_conf.o
                0x00000000c0d01b4e                USBD_LL_PrepareReceive
 .text.USBD_Init
                0x00000000c0d01b74       0x38 obj/usbd_core.o
                0x00000000c0d01b74                USBD_Init
 .text.USBD_DeInit
                0x00000000c0d01bac       0x3c obj/usbd_core.o
                0x00000000c0d01bac                USBD_DeInit
 .text.USBD_RegisterClassForInterface
                0x00000000c0d01be8       0x1a obj/usbd_core.o
                0x00000000c0d01be8                USBD_RegisterClassForInterface
 .text.USBD_Start
                0x00000000c0d01c02        0xa obj/usbd_core.o
                0x00000000c0d01c02                USBD_Start
 .text.USBD_SetClassConfig
                0x00000000c0d01c0c       0x36 obj/usbd_core.o
                0x00000000c0d01c0c                USBD_SetClassConfig
 .text.USBD_ClrClassConfig
                0x00000000c0d01c42       0x36 obj/usbd_core.o
                0x00000000c0d01c42                USBD_ClrClassConfig
 .text.USBD_LL_SetupStage
                0x00000000c0d01c78       0x5c obj/usbd_core.o
                0x00000000c0d01c78                USBD_LL_SetupStage
 .text.USBD_LL_DataOutStage
                0x00000000c0d01cd4       0xac obj/usbd_core.o
                0x00000000c0d01cd4                USBD_LL_DataOutStage
 .text.USBD_LL_DataInStage
                0x00000000c0d01d80       0xd8 obj/usbd_core.o
                0x00000000c0d01d80                USBD_LL_DataInStage
 .text.USBD_LL_Reset
                0x00000000c0d01e58       0x3e obj/usbd_core.o
                0x00000000c0d01e58                USBD_LL_Reset
 .text.USBD_LL_SetSpeed
                0x00000000c0d01e96        0x6 obj/usbd_core.o
                0x00000000c0d01e96                USBD_LL_SetSpeed
 .text.USBD_LL_Suspend
                0x00000000c0d01e9c        0x4 obj/usbd_core.o
                0x00000000c0d01e9c                USBD_LL_Suspend
 .text.USBD_LL_Resume
                0x00000000c0d01ea0        0x4 obj/usbd_core.o
                0x00000000c0d01ea0                USBD_LL_Resume
 .text.USBD_LL_SOF
                0x00000000c0d01ea4       0x3a obj/usbd_core.o
                0x00000000c0d01ea4                USBD_LL_SOF
 .text.usbd_is_valid_intf
                0x00000000c0d01ede       0x16 obj/usbd_ctlreq.o
                0x00000000c0d01ede                usbd_is_valid_intf
 .text.USBD_StdDevReq
                0x00000000c0d01ef4       0x5a obj/usbd_ctlreq.o
                0x00000000c0d01ef4                USBD_StdDevReq
 .text.USBD_GetDescriptor
                0x00000000c0d01f4e       0xfa obj/usbd_ctlreq.o
                0x00000000c0d01f4e                USBD_GetDescriptor
 .text.USBD_SetAddress
                0x00000000c0d02048       0x46 obj/usbd_ctlreq.o
                0x00000000c0d02048                USBD_SetAddress
 .text.USBD_SetConfig
                0x00000000c0d0208e       0x6e obj/usbd_ctlreq.o
                0x00000000c0d0208e                USBD_SetConfig
 .text.USBD_GetConfig
                0x00000000c0d020fc       0x2e obj/usbd_ctlreq.o
                0x00000000c0d020fc                USBD_GetConfig
 .text.USBD_GetStatus
                0x00000000c0d0212a       0x48 obj/usbd_ctlreq.o
                0x00000000c0d0212a                USBD_GetStatus
 .text.USBD_SetFeature
                0x00000000c0d02172       0x3a obj/usbd_ctlreq.o
                0x00000000c0d02172                USBD_SetFeature
 .text.USBD_ClrFeature
                0x00000000c0d021ac       0x52 obj/usbd_ctlreq.o
                0x00000000c0d021ac                USBD_ClrFeature
 .text.USBD_StdItfReq
                0x00000000c0d021fe       0x48 obj/usbd_ctlreq.o
                0x00000000c0d021fe                USBD_StdItfReq
 .text.USBD_StdEPReq
                0x00000000c0d02246      0x106 obj/usbd_ctlreq.o
                0x00000000c0d02246                USBD_StdEPReq
 .text.USBD_ParseSetupRequest
                0x00000000c0d0234c       0x28 obj/usbd_ctlreq.o
                0x00000000c0d0234c                USBD_ParseSetupRequest
 .text.USBD_CtlStall
                0x00000000c0d02374       0x14 obj/usbd_ctlreq.o
                0x00000000c0d02374                USBD_CtlStall
 .text.USBD_HID_Setup
                0x00000000c0d02388       0x94 obj/usbd_hid.o
                0x00000000c0d02388                USBD_HID_Setup
 .text.USBD_HID_Init
                0x00000000c0d0241c       0x32 obj/usbd_hid.o
                0x00000000c0d0241c                USBD_HID_Init
 .text.USBD_HID_DeInit
                0x00000000c0d0244e        0x4 obj/usbd_hid.o
                0x00000000c0d0244e                USBD_HID_DeInit
 *fill*         0x00000000c0d02452        0x2 00
 .text.USBD_HID_GetHidDescriptor_impl
                0x00000000c0d02454       0x28 obj/usbd_impl.o
                0x00000000c0d02454                USBD_HID_GetHidDescriptor_impl
 .text.USBD_HID_GetReportDescriptor_impl
                0x00000000c0d0247c       0x28 obj/usbd_impl.o
                0x00000000c0d0247c                USBD_HID_GetReportDescriptor_impl
 .text.USBD_HID_DataIn_impl
                0x00000000c0d024a4       0x18 obj/usbd_impl.o
                0x00000000c0d024a4                USBD_HID_DataIn_impl
 .text.USBD_HID_DataOut_impl
                0x00000000c0d024bc       0x4c obj/usbd_impl.o
                0x00000000c0d024bc                USBD_HID_DataOut_impl
 .text.USBD_WEBUSB_Init
                0x00000000c0d02508       0x2c obj/usbd_impl.o
                0x00000000c0d02508                USBD_WEBUSB_Init
 .text.USBD_WEBUSB_DeInit
                0x00000000c0d02534        0x4 obj/usbd_impl.o
                0x00000000c0d02534                USBD_WEBUSB_DeInit
 .text.USBD_WEBUSB_Setup
                0x00000000c0d02538        0x4 obj/usbd_impl.o
                0x00000000c0d02538                USBD_WEBUSB_Setup
 .text.USBD_WEBUSB_DataIn
                0x00000000c0d0253c       0x18 obj/usbd_impl.o
                0x00000000c0d0253c                USBD_WEBUSB_DataIn
 .text.USBD_WEBUSB_DataOut
                0x00000000c0d02554       0x4c obj/usbd_impl.o
                0x00000000c0d02554                USBD_WEBUSB_DataOut
 .text.USBD_DeviceDescriptor
                0x00000000c0d025a0       0x10 obj/usbd_impl.o
 .text.USBD_LangIDStrDescriptor
                0x00000000c0d025b0       0x10 obj/usbd_impl.o
 .text.USBD_ManufacturerStrDescriptor
                0x00000000c0d025c0       0x10 obj/usbd_impl.o
 .text.USBD_ProductStrDescriptor
                0x00000000c0d025d0       0x10 obj/usbd_impl.o
 .text.USBD_SerialStrDescriptor
                0x00000000c0d025e0       0x10 obj/usbd_impl.o
 .text.USBD_ConfigStrDescriptor
                0x00000000c0d025f0       0x10 obj/usbd_impl.o
 .text.USBD_InterfaceStrDescriptor
                0x00000000c0d02600       0x10 obj/usbd_impl.o
 .text.USBD_BOSDescriptor
                0x00000000c0d02610       0x10 obj/usbd_impl.o
 .text.USBD_CtlError
                0x00000000c0d02620       0x84 obj/usbd_impl.o
                0x00000000c0d02620                USBD_CtlError
 .text.USB_power
                0x00000000c0d026a4       0x74 obj/usbd_impl.o
                0x00000000c0d026a4                USB_power
 .text.USBD_GetCfgDesc_impl
                0x00000000c0d02718       0x10 obj/usbd_impl.o
 .text.USBD_GetDeviceQualifierDesc_impl
                0x00000000c0d02728       0x10 obj/usbd_impl.o
 .text.USBD_CtlSendData
                0x00000000c0d02738       0x2c obj/usbd_ioreq.o
                0x00000000c0d02738                USBD_CtlSendData
 .text.USBD_CtlContinueSendData
                0x00000000c0d02764       0x1c obj/usbd_ioreq.o
                0x00000000c0d02764                USBD_CtlContinueSendData
 .text.USBD_CtlContinueRx
                0x00000000c0d02780        0xe obj/usbd_ioreq.o
                0x00000000c0d02780                USBD_CtlContinueRx
 .text.USBD_CtlSendStatus
                0x00000000c0d0278e       0x18 obj/usbd_ioreq.o
                0x00000000c0d0278e                USBD_CtlSendStatus
 .text.USBD_CtlReceiveStatus
                0x00000000c0d027a6       0x16 obj/usbd_ioreq.o
                0x00000000c0d027a6                USBD_CtlReceiveStatus
 .text.ux_flow_is_first
                0x00000000c0d027bc       0x4c obj/ux_flow_engine.o
                0x00000000c0d027bc                ux_flow_is_first
 .text.ux_flow_is_last
                0x00000000c0d02808       0x40 obj/ux_flow_engine.o
                0x00000000c0d02808                ux_flow_is_last
 .text.ux_flow_next_internal
                0x00000000c0d02848       0x60 obj/ux_flow_engine.o
 .text.ux_flow_prev
                0x00000000c0d028a8       0x60 obj/ux_flow_engine.o
                0x00000000c0d028a8                ux_flow_prev
 .text.ux_flow_engine_init_step
                0x00000000c0d02908       0x78 obj/ux_flow_engine.o
 .text.ux_flow_validate
                0x00000000c0d02980       0xb0 obj/ux_flow_engine.o
                0x00000000c0d02980                ux_flow_validate
 .text.ux_flow_init
                0x00000000c0d02a30       0x94 obj/ux_flow_engine.o
                0x00000000c0d02a30                ux_flow_init
 .text.ux_flow_button_callback
                0x00000000c0d02ac4       0x38 obj/ux_flow_engine.o
                0x00000000c0d02ac4                ux_flow_button_callback
 .text.ux_stack_get_step_params
                0x00000000c0d02afc       0x38 obj/ux_flow_engine.o
                0x00000000c0d02afc                ux_stack_get_step_params
 .text.ux_stack_get_current_step_params
                0x00000000c0d02b34       0x14 obj/ux_flow_engine.o
                0x00000000c0d02b34                ux_stack_get_current_step_params
 .text.ux_layout_bb_init_common
                0x00000000c0d02b48       0x3c obj/ux_layout_bb.o
                0x00000000c0d02b48                ux_layout_bb_init_common
 .text.ux_layout_bn_prepro
                0x00000000c0d02b84       0x24 obj/ux_layout_bn.o
                0x00000000c0d02b84                ux_layout_bn_prepro
 .text.ux_layout_bn_init
                0x00000000c0d02ba8       0x28 obj/ux_layout_bn.o
                0x00000000c0d02ba8                ux_layout_bn_init
 .text.ux_layout_pb_prepro
                0x00000000c0d02bd0       0x58 obj/ux_layout_pb.o
                0x00000000c0d02bd0                ux_layout_pb_prepro
 .text.ux_layout_pb_init
                0x00000000c0d02c28       0x4c obj/ux_layout_pb.o
                0x00000000c0d02c28                ux_layout_pb_init
 .text.ux_layout_pbb_prepro
                0x00000000c0d02c74       0x64 obj/ux_layout_pbb.o
                0x00000000c0d02c74                ux_layout_pbb_prepro
 .text.ux_layout_pbb_init_common
                0x00000000c0d02cd8       0x3c obj/ux_layout_pbb.o
                0x00000000c0d02cd8                ux_layout_pbb_init_common
 .text.ux_layout_pnn_prepro
                0x00000000c0d02d14       0x20 obj/ux_layout_pnn.o
                0x00000000c0d02d14                ux_layout_pnn_prepro
 .text.ux_layout_pnn_init
                0x00000000c0d02d34       0x28 obj/ux_layout_pnn.o
                0x00000000c0d02d34                ux_layout_pnn_init
 .text.ux_layout_strings_prepro
                0x00000000c0d02d5c       0x58 obj/ux_layout_utils.o
                0x00000000c0d02d5c                ux_layout_strings_prepro
 .text.ux_stack_push
                0x00000000c0d02db4       0x28 obj/ux_stack.o
                0x00000000c0d02db4                ux_stack_push
 .text.ux_stack_display
                0x00000000c0d02ddc       0x4c obj/ux_stack.o
                0x00000000c0d02ddc                ux_stack_display
 .text.ux_stack_init
                0x00000000c0d02e28       0x20 obj/ux_stack.o
                0x00000000c0d02e28                ux_stack_init
 .text.ux_stack_al_display_next_element
                0x00000000c0d02e48       0x8c obj/ux_stack.o
                0x00000000c0d02e48                ux_stack_al_display_next_element
 .text          0x00000000c0d02ed4      0x114 /opt/dev-env/CC/others/gcc-arm-none-eabi-10.3-2021.10/bin/../lib/gcc/arm-none-eabi/10.3.1/thumb/v6-m/nofp/libgcc.a(_udivsi3.o)
                0x00000000c0d02ed4                __udivsi3
                0x00000000c0d02ed4                __aeabi_uidiv
                0x00000000c0d02fe0                __aeabi_uidivmod
 .text          0x00000000c0d02fe8        0x4 /opt/dev-env/CC/others/gcc-arm-none-eabi-10.3-2021.10/bin/../lib/gcc/arm-none-eabi/10.3.1/thumb/v6-m/nofp/libgcc.a(_dvmd_tls.o)
                0x00000000c0d02fe8                __aeabi_ldiv0
                0x00000000c0d02fe8                __aeabi_idiv0
 .text          0x00000000c0d02fec       0x5c /opt/dev-env/CC/others/gcc-arm-none-eabi-10.3-2021.10/bin/../lib/gcc/arm-none-eabi/10.3.1/thumb/v6-m/nofp/libgcc.a(_muldi3.o)
                0x00000000c0d02fec                __aeabi_lmul
                0x00000000c0d02fec                __muldi3
 .text.__aeabi_memclr
                0x00000000c0d03048        0xa /opt/dev-env/CC/others/gcc-arm-none-eabi-10.3-2021.10/bin/../lib/gcc/arm-none-eabi/10.3.1/../../../../arm-none-eabi/lib/thumb/v6-m/nofp/libc_nano.a(lib_a-aeabi_memclr.o)
                0x00000000c0d03048                __aeabi_memclr8
                0x00000000c0d03048                __aeabi_memclr
                0x00000000c0d03048                __aeabi_memclr4
 .text.__aeabi_memcpy
                0x00000000c0d03052        0x8 /opt/dev-env/CC/others/gcc-arm-none-eabi-10.3-2021.10/bin/../lib/gcc/arm-none-eabi/10.3.1/../../../../arm-none-eabi/lib/thumb/v6-m/nofp/libc_nano.a(lib_a-aeabi_memcpy.o)
                0x00000000c0d03052                __aeabi_memcpy
                0x00000000c0d03052                __aeabi_memcpy4
                0x00000000c0d03052                __aeabi_memcpy8
 .text.__aeabi_memmove
                0x00000000c0d0305a        0x8 /opt/dev-env/CC/others/gcc-arm-none-eabi-10.3-2021.10/bin/../lib/gcc/arm-none-eabi/10.3.1/../../../../arm-none-eabi/lib/thumb/v6-m/nofp/libc_nano.a(lib_a-aeabi_memmove.o)
                0x00000000c0d0305a                __aeabi_memmove8
                0x00000000c0d0305a                __aeabi_memmove
                0x00000000c0d0305a                __aeabi_memmove4
 .text.__aeabi_memset
                0x00000000c0d03062        0xe /opt/dev-env/CC/others/gcc-arm-none-eabi-10.3-2021.10/bin/../lib/gcc/arm-none-eabi/10.3.1/../../../../arm-none-eabi/lib/thumb/v6-m/nofp/libc_nano.a(lib_a-aeabi_memset.o)
                0x00000000c0d03062                __aeabi_memset
                0x00000000c0d03062                __aeabi_memset8
                0x00000000c0d03062                __aeabi_memset4
 .text.explicit_bzero
                0x00000000c0d03070        0x8 /opt/dev-env/CC/others/gcc-arm-none-eabi-10.3-2021.10/bin/../lib/gcc/arm-none-eabi/10.3.1/../../../../arm-none-eabi/lib/thumb/v6-m/nofp/libc_nano.a(lib_a-explicit_bzero.o)
                0x00000000c0d03070                explicit_bzero
 .text.memcpy   0x00000000c0d03078       0x12 /opt/dev-env/CC/others/gcc-arm-none-eabi-10.3-2021.10/bin/../lib/gcc/arm-none-eabi/10.3.1/../../../../arm-none-eabi/lib/thumb/v6-m/nofp/libc_nano.a(lib_a-memcpy-stub.o)
                0x00000000c0d03078                memcpy
 .text.memmove  0x00000000c0d0308a       0x26 /opt/dev-env/CC/others/gcc-arm-none-eabi-10.3-2021.10/bin/../lib/gcc/arm-none-eabi/10.3.1/../../../../arm-none-eabi/lib/thumb/v6-m/nofp/libc_nano.a(lib_a-memmove.o)
                0x00000000c0d0308a                memmove
 .text.memset   0x00000000c0d030b0       0x10 /opt/dev-env/CC/others/gcc-arm-none-eabi-10.3-2021.10/bin/../lib/gcc/arm-none-eabi/10.3.1/../../../../arm-none-eabi/lib/thumb/v6-m/nofp/libc_nano.a(lib_a-memset.o)
                0x00000000c0d030b0                memset
 .text          0x00000000c0d030c0       0x34 /opt/dev-env/CC/others/gcc-arm-none-eabi-10.3-2021.10/bin/../lib/gcc/arm-none-eabi/10.3.1/../../../../arm-none-eabi/lib/thumb/v6-m/nofp/libc_nano.a(lib_a-setjmp.o)
                0x00000000c0d030c0                setjmp
                0x00000000c0d030d8                longjmp
 .text          0x00000000c0d030f4        0xe /opt/dev-env/CC/others/gcc-arm-none-eabi-10.3-2021.10/bin/../lib/gcc/arm-none-eabi/10.3.1/../../../../arm-none-eabi/lib/thumb/v6-m/nofp/libc_nano.a(lib_a-strlen.o)
                0x00000000c0d030f4                strlen
 .text.bzero    0x00000000c0d03102        0xc /opt/dev-env/CC/others/gcc-arm-none-eabi-10.3-2021.10/bin/../lib/gcc/arm-none-eabi/10.3.1/../../../../arm-none-eabi/lib/thumb/v6-m/nofp/libc_nano.a(lib_a-bzero.o)
                0x00000000c0d03102                bzero
 *(.rodata)
 *(.rodata.[^N]*)
 *fill*         0x00000000c0d0310e        0x2 00
 .rodata.str1.4
                0x00000000c0d03110       0x10 obj/getPublicKey.o
 .rodata.str1.1
                0x00000000c0d03120        0x6 obj/getPublicKey.o
 *fill*         0x00000000c0d03126        0x2 00
 .rodata.ui_getPublicKey_approve
                0x00000000c0d03128       0xa0 obj/getPublicKey.o
 .rodata.str1.1
                0x00000000c0d031c8       0x40 obj/getVersion.o
 .rodata.C_icon_back_colors
                0x00000000c0d03208        0x8 obj/glyphs.o
                0x00000000c0d03208                C_icon_back_colors
 .rodata.C_icon_back_bitmap
                0x00000000c0d03210       0x19 obj/glyphs.o
                0x00000000c0d03210                C_icon_back_bitmap
 *fill*         0x00000000c0d03229        0x3 00
 .rodata.C_icon_back
                0x00000000c0d0322c       0x14 obj/glyphs.o
                0x00000000c0d0322c                C_icon_back
 .rodata.C_icon_dashboard_colors
                0x00000000c0d03240        0x8 obj/glyphs.o
                0x00000000c0d03240                C_icon_dashboard_colors
 .rodata.C_icon_dashboard_bitmap
                0x00000000c0d03248       0x19 obj/glyphs.o
                0x00000000c0d03248                C_icon_dashboard_bitmap
 *fill*         0x00000000c0d03261        0x3 00
 .rodata.C_icon_dashboard
                0x00000000c0d03264       0x14 obj/glyphs.o
                0x00000000c0d03264                C_icon_dashboard
 .rodata.C_icon_left_colors
                0x00000000c0d03278        0x8 obj/glyphs.o
                0x00000000c0d03278                C_icon_left_colors
 .rodata.C_icon_left_bitmap
                0x00000000c0d03280        0x4 obj/glyphs.o
                0x00000000c0d03280                C_icon_left_bitmap
 .rodata.C_icon_left
                0x00000000c0d03284       0x14 obj/glyphs.o
                0x00000000c0d03284                C_icon_left
 .rodata.C_icon_right_colors
                0x00000000c0d03298        0x8 obj/glyphs.o
                0x00000000c0d03298                C_icon_right_colors
 .rodata.C_icon_right_bitmap
                0x00000000c0d032a0        0x4 obj/glyphs.o
                0x00000000c0d032a0                C_icon_right_bitmap
 .rodata.C_icon_right
                0x00000000c0d032a4       0x14 obj/glyphs.o
                0x00000000c0d032a4                C_icon_right
 .rodata.C_icon_up_colors
                0x00000000c0d032b8        0x8 obj/glyphs.o
                0x00000000c0d032b8                C_icon_up_colors
 .rodata.C_icon_up_bitmap
                0x00000000c0d032c0        0x4 obj/glyphs.o
                0x00000000c0d032c0                C_icon_up_bitmap
 .rodata.C_icon_up
                0x00000000c0d032c4       0x14 obj/glyphs.o
                0x00000000c0d032c4                C_icon_up
 .rodata.str1.1
                0x00000000c0d032d8       0x4f obj/menu.o
 *fill*         0x00000000c0d03327        0x1 00
 .rodata.ux_menu_ready_step_val
                0x00000000c0d03328        0xc obj/menu.o
                0x00000000c0d03328                ux_menu_ready_step_val
 .rodata.ux_menu_ready_step
                0x00000000c0d03334       0x10 obj/menu.o
                0x00000000c0d03334                ux_menu_ready_step
 .rodata.ux_menu_version_step_val
                0x00000000c0d03344        0x8 obj/menu.o
                0x00000000c0d03344                ux_menu_version_step_val
 .rodata.ux_menu_version_step
                0x00000000c0d0334c       0x10 obj/menu.o
                0x00000000c0d0334c                ux_menu_version_step
 .rodata.ux_menu_about_step_validate_step
                0x00000000c0d0335c       0x10 obj/menu.o
                0x00000000c0d0335c                ux_menu_about_step_validate_step
 .rodata.ux_menu_about_step_validate
                0x00000000c0d0336c        0x8 obj/menu.o
                0x00000000c0d0336c                ux_menu_about_step_validate
 .rodata.ux_menu_about_step_val
                0x00000000c0d03374        0x8 obj/menu.o
                0x00000000c0d03374                ux_menu_about_step_val
 .rodata.ux_menu_about_step
                0x00000000c0d0337c       0x10 obj/menu.o
                0x00000000c0d0337c                ux_menu_about_step
 .rodata.ux_menu_exit_step_validate_step
                0x00000000c0d0338c       0x10 obj/menu.o
                0x00000000c0d0338c                ux_menu_exit_step_validate_step
 .rodata.ux_menu_exit_step_validate
                0x00000000c0d0339c        0x8 obj/menu.o
                0x00000000c0d0339c                ux_menu_exit_step_validate
 .rodata.ux_menu_exit_step_val
                0x00000000c0d033a4        0x8 obj/menu.o
                0x00000000c0d033a4                ux_menu_exit_step_val
 .rodata.ux_menu_exit_step
                0x00000000c0d033ac       0x10 obj/menu.o
                0x00000000c0d033ac                ux_menu_exit_step
 .rodata.ux_menu_main_flow
                0x00000000c0d033bc       0x18 obj/menu.o
                0x00000000c0d033bc                ux_menu_main_flow
 .rodata.ux_menu_info_step_val
                0x00000000c0d033d4        0x8 obj/menu.o
                0x00000000c0d033d4                ux_menu_info_step_val
 .rodata.ux_menu_info_step
                0x00000000c0d033dc       0x10 obj/menu.o
                0x00000000c0d033dc                ux_menu_info_step
 .rodata.ux_menu_back_step_validate_step
                0x00000000c0d033ec       0x10 obj/menu.o
                0x00000000c0d033ec                ux_menu_back_step_validate_step
 .rodata.ux_menu_back_step_validate
                0x00000000c0d033fc        0x8 obj/menu.o
                0x00000000c0d033fc                ux_menu_back_step_validate
 .rodata.ux_menu_back_step_val
                0x00000000c0d03404        0x8 obj/menu.o
                0x00000000c0d03404                ux_menu_back_step_val
 .rodata.ux_menu_back_step
                0x00000000c0d0340c       0x10 obj/menu.o
                0x00000000c0d0340c                ux_menu_back_step
 .rodata.ux_menu_about_flow
                0x00000000c0d0341c       0x10 obj/menu.o
                0x00000000c0d0341c                ux_menu_about_flow
 .rodata.str1.1
                0x00000000c0d0342c       0x1a obj/os.o
 .rodata.seph_io_general_status
                0x00000000c0d03446        0x5 obj/os_io_seproxyhal.o
 .rodata.str1.1
                0x00000000c0d0344b        0x8 obj/os_printf.o
 .rodata.cst16  0x00000000c0d03453       0x20 obj/os_printf.o
 *fill*         0x00000000c0d03473        0x1 00
 .rodata.USBD_HID_Desc
                0x00000000c0d03474        0x9 obj/usbd_impl.o
                0x00000000c0d03474                USBD_HID_Desc
 .rodata.HID_ReportDesc
                0x00000000c0d0347d       0x22 obj/usbd_impl.o
 .rodata.C_usb_bos
                0x00000000c0d0349f       0x39 obj/usbd_impl.o
                0x00000000c0d0349f                C_usb_bos
 .rodata.HID_Desc
                0x00000000c0d034d8       0x20 obj/usbd_impl.o
                0x00000000c0d034d8                HID_Desc
 .rodata.C_winusb_string_descriptor
                0x00000000c0d034f8       0x12 obj/usbd_impl.o
 .rodata.C_winusb_guid
                0x00000000c0d0350a       0x92 obj/usbd_impl.o
 .rodata.C_winusb_request_descriptor
                0x00000000c0d0359c       0xb2 obj/usbd_impl.o
 *fill*         0x00000000c0d0364e        0x2 00
 .rodata.USBD_HID
                0x00000000c0d03650       0x38 obj/usbd_impl.o
 .rodata.USBD_WEBUSB
                0x00000000c0d03688       0x38 obj/usbd_impl.o
 .rodata.USBD_DeviceDesc
                0x00000000c0d036c0       0x12 obj/usbd_impl.o
 .rodata.USBD_LangIDDesc
                0x00000000c0d036d2        0x4 obj/usbd_impl.o
 .rodata.USBD_MANUFACTURER_STRING
                0x00000000c0d036d6        0xe obj/usbd_impl.o
 .rodata.USBD_PRODUCT_FS_STRING
                0x00000000c0d036e4        0xe obj/usbd_impl.o
 .rodata.USB_SERIAL_STRING
                0x00000000c0d036f2        0xa obj/usbd_impl.o
 .rodata.C_winusb_wcid
                0x00000000c0d036fc       0x28 obj/usbd_impl.o
 .rodata.USBD_CfgDesc
                0x00000000c0d03724       0x40 obj/usbd_impl.o
 .rodata.USBD_DeviceQualifierDesc
                0x00000000c0d03764        0xa obj/usbd_impl.o
 *fill*         0x00000000c0d0376e        0x2 00
 .rodata.ux_layout_bb_elements
                0x00000000c0d03770       0xa0 obj/ux_layout_bb.o
                0x00000000c0d03770                ux_layout_bb_elements
 .rodata.ux_layout_pb_elements
                0x00000000c0d03810       0xa0 obj/ux_layout_pb.o
                0x00000000c0d03810                ux_layout_pb_elements
 .rodata.ux_layout_pbb_elements
                0x00000000c0d038b0       0xc0 obj/ux_layout_pbb.o
                0x00000000c0d038b0                ux_layout_pbb_elements
 *(.rodata.N[^_]*)
                0x00000000c0d03970                . = ALIGN (0x4)
                0x00000000c0d03970                _etext = .
                0x00000000c0d03980                . = ALIGN (PAGE_SIZE)
 *fill*         0x00000000c0d03970       0x10 00
                0x00000000c0d03980                _nvram_data = .
 *(.bss.N_* .rodata.N_*)
                0x00000000c0d03980                . = ALIGN (PAGE_SIZE)
                0x00000000c0d03980                _envram_data = .
                0x00000000c0d03980                _install_parameters = .
                0x00000000c0d03980                _nvram_end = .

.glue_7         0x00000000c0d03980        0x0
 .glue_7        0x00000000c0d03980        0x0 linker stubs

.glue_7t        0x00000000c0d03980        0x0
 .glue_7t       0x00000000c0d03980        0x0 linker stubs

.vfp11_veneer   0x00000000c0d03980        0x0
 .vfp11_veneer  0x00000000c0d03980        0x0 linker stubs

.v4_bx          0x00000000c0d03980        0x0
 .v4_bx         0x00000000c0d03980        0x0 linker stubs

.iplt           0x00000000c0d03980        0x0
 .iplt          0x00000000c0d03980        0x0 obj/archethic.o

.data           0x00000000d0000000        0x0
                0x00000000d0000000                . = ALIGN (0x4)
                0x00000000d0000000                _data = .
 *(vtable)
 *(.data*)
                0x00000000d0000000                _edata = .

.igot.plt       0x00000000d0000000        0x0
 .igot.plt      0x00000000d0000000        0x0 obj/archethic.o

.cx_ram         0x0000000020001400      0x400
                0x0000000020001400                _cxram = .
                0x0000000020001400                . = (_cxram + OFF_G_cx)
 *(.bss.G_cx)
                0x0000000020001800                . = (_cxram + LENGTH (CXSRAM))
 *fill*         0x0000000020001400      0x400 00

.bss            0x0000000020000200      0x8f0
                0x0000000020000200                _bss = .
 *(.bss*)
 .bss.G_ux      0x0000000020000200      0x108 obj/main.o
                0x0000000020000200                G_ux
 .bss.global    0x0000000020000308       0xc0 obj/main.o
                0x0000000020000308                global
 .bss.G_ux_params
                0x00000000200003c8        0x8 obj/main.o
                0x00000000200003c8                G_ux_params
 .bss.G_io_seproxyhal_spi_buffer
                0x00000000200003d0       0x80 obj/main.o
                0x00000000200003d0                G_io_seproxyhal_spi_buffer
 .bss.G_io_apdu_buffer
                0x0000000020000450      0x104 obj/os.o
                0x0000000020000450                G_io_apdu_buffer
 .bss.G_io_app  0x0000000020000554       0x20 obj/os_io_seproxyhal.o
                0x0000000020000554                G_io_app
 .bss.G_ux_os   0x0000000020000574        0x8 obj/os_io_seproxyhal.o
                0x0000000020000574                G_ux_os
 .bss.G_io_usb_ep_buffer
                0x000000002000057c       0x40 obj/os_io_seproxyhal.o
                0x000000002000057c                G_io_usb_ep_buffer
 .bss.G_io_usb_hid_sequence_number
                0x00000000200005bc        0x4 obj/os_io_usb.o
                0x00000000200005bc                G_io_usb_hid_sequence_number
 .bss.G_io_usb_hid_total_length
                0x00000000200005c0        0x4 obj/os_io_usb.o
                0x00000000200005c0                G_io_usb_hid_total_length
 .bss.G_io_usb_hid_remaining_length
                0x00000000200005c4        0x4 obj/os_io_usb.o
                0x00000000200005c4                G_io_usb_hid_remaining_length
 .bss.G_io_usb_hid_current_buffer
                0x00000000200005c8        0x4 obj/os_io_usb.o
                0x00000000200005c8                G_io_usb_hid_current_buffer
 .bss.G_io_usb_hid_channel
                0x00000000200005cc        0x4 obj/os_io_usb.o
                0x00000000200005cc                G_io_usb_hid_channel
 .bss.ep_in_stall
                0x00000000200005d0        0x4 obj/usbd_conf.o
                0x00000000200005d0                ep_in_stall
 .bss.ep_out_stall
                0x00000000200005d4        0x4 obj/usbd_conf.o
                0x00000000200005d4                ep_out_stall
 .bss.USBD_Device
                0x00000000200005d8      0x114 obj/usbd_core.o
                0x00000000200005d8                USBD_Device
                0x00000000200006ec                _ebss = .
                0x00000000200006ec                . = ALIGN (0x4)
                0x00000000200006ec                app_stack_canary = .
                [!provide]                        PROVIDE (app_stack_canary = .)
                0x00000000200006f0                . = (. + 0x4)
 *fill*         0x00000000200006ec        0x4 00
                0x00000000200006f0                _stack_validation = .
                0x0000000020000af0                . = (_stack_validation + STACK_SIZE)
 *fill*         0x00000000200006f0      0x400 00
                0x0000000020001000                _stack = (ABSOLUTE (END_STACK) - STACK_SIZE)
                [!provide]                        PROVIDE (_stack = (ABSOLUTE (END_STACK) - STACK_SIZE))
                0x0000000020001400                _estack = ABSOLUTE (END_STACK)
                [!provide]                        PROVIDE (_estack = ABSOLUTE (END_STACK))

DEBUG           0x00000000d0000000        0x8
 libc.a(*)
 libm.a(*)
 libgcc.a(*)
 *(.ARM.exidx* .gnu.linkonce.armexidx.*)
 .ARM.exidx.text.deriveArchEthicKeyPair
                0x00000000d0000000        0x0 obj/archethic.o
                                          0x8 (size before relaxing)
 .ARM.exidx.text.handleGetPublicKey
                0x00000000d0000000        0x0 obj/getPublicKey.o
                                          0x8 (size before relaxing)
 .ARM.exidx.text.ui_getPublicKey_approve_button
                0x00000000d0000000        0x0 obj/getPublicKey.o
                                          0x8 (size before relaxing)
 .ARM.exidx.text.handleGetVersion
                0x00000000d0000000        0x0 obj/getVersion.o
                                          0x8 (size before relaxing)
 .ARM.exidx.text.io_seproxyhal_display
                0x00000000d0000000        0x0 obj/io.o
                                          0x8 (size before relaxing)
 .ARM.exidx.text.io_event
                0x00000000d0000000        0x0 obj/io.o
                                          0x8 (size before relaxing)
 .ARM.exidx.text.io_exchange_al
                0x00000000d0000000        0x0 obj/io.o
                                          0x8 (size before relaxing)
 .ARM.exidx.text.io_exchange_with_code
                0x00000000d0000000        0x0 obj/main.o
                                          0x8 (size before relaxing)
 .ARM.exidx.boot
                0x00000000d0000000        0x8 obj/main.o
 .ARM.exidx.text.archethic_main
                0x00000000d0000008        0x0 obj/main.o
                                          0x8 (size before relaxing)
 .ARM.exidx.text.app_exit
                0x00000000d0000008        0x0 obj/main.o
                                          0x8 (size before relaxing)
 .ARM.exidx.text.ux_menu_about_step_validateinit
                0x00000000d0000008        0x0 obj/menu.o
                                          0x8 (size before relaxing)
 .ARM.exidx.text.ux_menu_exit_step_validateinit
                0x00000000d0000008        0x0 obj/menu.o
                                          0x8 (size before relaxing)
 .ARM.exidx.text.ui_menu_main
                0x00000000d0000008        0x0 obj/menu.o
                                          0x8 (size before relaxing)
 .ARM.exidx.text.ux_menu_back_step_validateinit
                0x00000000d0000008        0x0 obj/menu.o
                                          0x8 (size before relaxing)
 .ARM.exidx.text.ui_idle
                0x00000000d0000008        0x0 obj/menu.o
                                          0x8 (size before relaxing)
 .ARM.exidx.text.os_boot
                0x00000000d0000008        0x0 obj/os.o
                                          0x8 (size before relaxing)
 .ARM.exidx.text.os_longjmp
                0x00000000d0000008        0x0 obj/os.o
                                          0x8 (size before relaxing)
 .ARM.exidx.text.io_seproxyhal_general_status
                0x00000000d0000008        0x0 obj/os_io_seproxyhal.o
                                          0x8 (size before relaxing)
 .ARM.exidx.text.io_seproxyhal_handle_usb_event
                0x00000000d0000008        0x0 obj/os_io_seproxyhal.o
                                          0x8 (size before relaxing)
 .ARM.exidx.text.io_seproxyhal_get_ep_rx_size
                0x00000000d0000008        0x0 obj/os_io_seproxyhal.o
                                          0x8 (size before relaxing)
 .ARM.exidx.text.io_seproxyhal_handle_usb_ep_xfer_event
                0x00000000d0000008        0x0 obj/os_io_seproxyhal.o
                                          0x8 (size before relaxing)
 .ARM.exidx.text.io_usb_send_ep
                0x00000000d0000008        0x0 obj/os_io_seproxyhal.o
                                          0x8 (size before relaxing)
 .ARM.exidx.text.io_usb_send_apdu_data
                0x00000000d0000008        0x0 obj/os_io_seproxyhal.o
                                          0x8 (size before relaxing)
 .ARM.exidx.text.io_usb_send_apdu_data_ep0x83
                0x00000000d0000008        0x0 obj/os_io_seproxyhal.o
                                          0x8 (size before relaxing)
 .ARM.exidx.text.io_seproxyhal_handle_event
                0x00000000d0000008        0x0 obj/os_io_seproxyhal.o
                                          0x8 (size before relaxing)
 .ARM.exidx.text.io_seproxyhal_init
                0x00000000d0000008        0x0 obj/os_io_seproxyhal.o
                                          0x8 (size before relaxing)
 .ARM.exidx.text.io_seproxyhal_init_ux
                0x00000000d0000008        0x0 obj/os_io_seproxyhal.o
                                          0x8 (size before relaxing)
 .ARM.exidx.text.io_seproxyhal_init_button
                0x00000000d0000008        0x0 obj/os_io_seproxyhal.o
                                          0x8 (size before relaxing)
 .ARM.exidx.text.io_seproxyhal_display_icon
                0x00000000d0000008        0x0 obj/os_io_seproxyhal.o
                                          0x8 (size before relaxing)
 .ARM.exidx.text.io_seproxyhal_display_default
                0x00000000d0000008        0x0 obj/os_io_seproxyhal.o
                                          0x8 (size before relaxing)
 .ARM.exidx.text.io_seproxyhal_button_push
                0x00000000d0000008        0x0 obj/os_io_seproxyhal.o
                                          0x8 (size before relaxing)
 .ARM.exidx.text.os_io_seproxyhal_get_app_name_and_version
                0x00000000d0000008        0x0 obj/os_io_seproxyhal.o
                                          0x8 (size before relaxing)
 .ARM.exidx.text.io_exchange
                0x00000000d0000008        0x0 obj/os_io_seproxyhal.o
                                          0x8 (size before relaxing)
 .ARM.exidx.text.os_io_seph_recv_and_process
                0x00000000d0000008        0x0 obj/os_io_seproxyhal.o
                                          0x8 (size before relaxing)
 .ARM.exidx.text.mcu_usb_printc
                0x00000000d0000008        0x0 obj/os_io_seproxyhal.o
                                          0x8 (size before relaxing)
 .ARM.exidx.text.io_usb_hid_receive
                0x00000000d0000008        0x0 obj/os_io_usb.o
                                          0x8 (size before relaxing)
 .ARM.exidx.text.io_usb_hid_init
                0x00000000d0000008        0x0 obj/os_io_usb.o
                                          0x8 (size before relaxing)
 .ARM.exidx.text.io_usb_hid_sent
                0x00000000d0000008        0x0 obj/os_io_usb.o
                                          0x8 (size before relaxing)
 .ARM.exidx.text.io_usb_hid_send
                0x00000000d0000008        0x0 obj/os_io_usb.o
                                          0x8 (size before relaxing)
 .ARM.exidx.text.mcu_usb_prints
                0x00000000d0000008        0x0 obj/os_printf.o
                                          0x8 (size before relaxing)
 .ARM.exidx.text.mcu_usb_printf
                0x00000000d0000008        0x0 obj/os_printf.o
                                          0x8 (size before relaxing)
 .ARM.exidx.text.pic
                0x00000000d0000008        0x0 obj/pic.o
                                          0x8 (size before relaxing)
 .ARM.exidx.text.pic_internal
                0x00000000d0000008        0x0 obj/pic_internal.o
                                          0x8 (size before relaxing)
 .ARM.exidx.text.handleSignHash
                0x00000000d0000008        0x0 obj/signHash.o
                                          0x8 (size before relaxing)
 .ARM.exidx.text.get_api_level
                0x00000000d0000008        0x0 obj/syscalls.o
                                          0x8 (size before relaxing)
 .ARM.exidx.text.halt
                0x00000000d0000008        0x0 obj/syscalls.o
                                          0x8 (size before relaxing)
 .ARM.exidx.text.os_perso_isonboarded
                0x00000000d0000008        0x0 obj/syscalls.o
                                          0x8 (size before relaxing)
 .ARM.exidx.text.os_perso_derive_node_bip32
                0x00000000d0000008        0x0 obj/syscalls.o
                                          0x8 (size before relaxing)
 .ARM.exidx.text.os_perso_seed_cookie
                0x00000000d0000008        0x0 obj/syscalls.o
                                          0x8 (size before relaxing)
 .ARM.exidx.text.os_global_pin_is_validated
                0x00000000d0000008        0x0 obj/syscalls.o
                                          0x8 (size before relaxing)
 .ARM.exidx.text.os_ux
                0x00000000d0000008        0x0 obj/syscalls.o
                                          0x8 (size before relaxing)
 .ARM.exidx.text.os_flags
                0x00000000d0000008        0x0 obj/syscalls.o
                                          0x8 (size before relaxing)
 .ARM.exidx.text.os_registry_get_current_app_tag
                0x00000000d0000008        0x0 obj/syscalls.o
                                          0x8 (size before relaxing)
 .ARM.exidx.text.os_sched_exit
                0x00000000d0000008        0x0 obj/syscalls.o
                                          0x8 (size before relaxing)
 .ARM.exidx.text.io_seph_send
                0x00000000d0000008        0x0 obj/syscalls.o
                                          0x8 (size before relaxing)
 .ARM.exidx.text.io_seph_is_status_sent
                0x00000000d0000008        0x0 obj/syscalls.o
                                          0x8 (size before relaxing)
 .ARM.exidx.text.io_seph_recv
                0x00000000d0000008        0x0 obj/syscalls.o
                                          0x8 (size before relaxing)
 .ARM.exidx.text.try_context_get
                0x00000000d0000008        0x0 obj/syscalls.o
                                          0x8 (size before relaxing)
 .ARM.exidx.text.try_context_set
                0x00000000d0000008        0x0 obj/syscalls.o
                                          0x8 (size before relaxing)
 .ARM.exidx.text.os_sched_last_status
                0x00000000d0000008        0x0 obj/syscalls.o
                                          0x8 (size before relaxing)
 .ARM.exidx.text.USBD_LL_Init
                0x00000000d0000008        0x0 obj/usbd_conf.o
                                          0x8 (size before relaxing)
 .ARM.exidx.text.USBD_LL_DeInit
                0x00000000d0000008        0x0 obj/usbd_conf.o
                                          0x8 (size before relaxing)
 .ARM.exidx.text.USBD_LL_Start
                0x00000000d0000008        0x0 obj/usbd_conf.o
                                          0x8 (size before relaxing)
 .ARM.exidx.text.USBD_LL_Stop
                0x00000000d0000008        0x0 obj/usbd_conf.o
                                          0x8 (size before relaxing)
 .ARM.exidx.text.USBD_LL_OpenEP
                0x00000000d0000008        0x0 obj/usbd_conf.o
                                          0x8 (size before relaxing)
 .ARM.exidx.text.USBD_LL_StallEP
                0x00000000d0000008        0x0 obj/usbd_conf.o
                                          0x8 (size before relaxing)
 .ARM.exidx.text.USBD_LL_ClearStallEP
                0x00000000d0000008        0x0 obj/usbd_conf.o
                                          0x8 (size before relaxing)
 .ARM.exidx.text.USBD_LL_IsStallEP
                0x00000000d0000008        0x0 obj/usbd_conf.o
                                          0x8 (size before relaxing)
 .ARM.exidx.text.USBD_LL_SetUSBAddress
                0x00000000d0000008        0x0 obj/usbd_conf.o
                                          0x8 (size before relaxing)
 .ARM.exidx.text.USBD_LL_Transmit
                0x00000000d0000008        0x0 obj/usbd_conf.o
                                          0x8 (size before relaxing)
 .ARM.exidx.text.USBD_LL_PrepareReceive
                0x00000000d0000008        0x0 obj/usbd_conf.o
                                          0x8 (size before relaxing)
 .ARM.exidx.text.USBD_Init
                0x00000000d0000008        0x0 obj/usbd_core.o
                                          0x8 (size before relaxing)
 .ARM.exidx.text.USBD_DeInit
                0x00000000d0000008        0x0 obj/usbd_core.o
                                          0x8 (size before relaxing)
 .ARM.exidx.text.USBD_RegisterClassForInterface
                0x00000000d0000008        0x0 obj/usbd_core.o
                                          0x8 (size before relaxing)
 .ARM.exidx.text.USBD_Start
                0x00000000d0000008        0x0 obj/usbd_core.o
                                          0x8 (size before relaxing)
 .ARM.exidx.text.USBD_SetClassConfig
                0x00000000d0000008        0x0 obj/usbd_core.o
                                          0x8 (size before relaxing)
 .ARM.exidx.text.USBD_ClrClassConfig
                0x00000000d0000008        0x0 obj/usbd_core.o
                                          0x8 (size before relaxing)
 .ARM.exidx.text.USBD_LL_SetupStage
                0x00000000d0000008        0x0 obj/usbd_core.o
                                          0x8 (size before relaxing)
 .ARM.exidx.text.USBD_LL_DataOutStage
                0x00000000d0000008        0x0 obj/usbd_core.o
                                          0x8 (size before relaxing)
 .ARM.exidx.text.USBD_LL_DataInStage
                0x00000000d0000008        0x0 obj/usbd_core.o
                                          0x8 (size before relaxing)
 .ARM.exidx.text.USBD_LL_Reset
                0x00000000d0000008        0x0 obj/usbd_core.o
                                          0x8 (size before relaxing)
 .ARM.exidx.text.USBD_LL_SetSpeed
                0x00000000d0000008        0x0 obj/usbd_core.o
                                          0x8 (size before relaxing)
 .ARM.exidx.text.USBD_LL_Suspend
                0x00000000d0000008        0x0 obj/usbd_core.o
                                          0x8 (size before relaxing)
 .ARM.exidx.text.USBD_LL_Resume
                0x00000000d0000008        0x0 obj/usbd_core.o
                                          0x8 (size before relaxing)
 .ARM.exidx.text.USBD_LL_SOF
                0x00000000d0000008        0x0 obj/usbd_core.o
                                          0x8 (size before relaxing)
 .ARM.exidx.text.usbd_is_valid_intf
                0x00000000d0000008        0x0 obj/usbd_ctlreq.o
                                          0x8 (size before relaxing)
 .ARM.exidx.text.USBD_StdDevReq
                0x00000000d0000008        0x0 obj/usbd_ctlreq.o
                                          0x8 (size before relaxing)
 .ARM.exidx.text.USBD_GetDescriptor
                0x00000000d0000008        0x0 obj/usbd_ctlreq.o
                                          0x8 (size before relaxing)
 .ARM.exidx.text.USBD_SetAddress
                0x00000000d0000008        0x0 obj/usbd_ctlreq.o
                                          0x8 (size before relaxing)
 .ARM.exidx.text.USBD_SetConfig
                0x00000000d0000008        0x0 obj/usbd_ctlreq.o
                                          0x8 (size before relaxing)
 .ARM.exidx.text.USBD_GetConfig
                0x00000000d0000008        0x0 obj/usbd_ctlreq.o
                                          0x8 (size before relaxing)
 .ARM.exidx.text.USBD_GetStatus
                0x00000000d0000008        0x0 obj/usbd_ctlreq.o
                                          0x8 (size before relaxing)
 .ARM.exidx.text.USBD_SetFeature
                0x00000000d0000008        0x0 obj/usbd_ctlreq.o
                                          0x8 (size before relaxing)
 .ARM.exidx.text.USBD_ClrFeature
                0x00000000d0000008        0x0 obj/usbd_ctlreq.o
                                          0x8 (size before relaxing)
 .ARM.exidx.text.USBD_StdItfReq
                0x00000000d0000008        0x0 obj/usbd_ctlreq.o
                                          0x8 (size before relaxing)
 .ARM.exidx.text.USBD_StdEPReq
                0x00000000d0000008        0x0 obj/usbd_ctlreq.o
                                          0x8 (size before relaxing)
 .ARM.exidx.text.USBD_ParseSetupRequest
                0x00000000d0000008        0x0 obj/usbd_ctlreq.o
                                          0x8 (size before relaxing)
 .ARM.exidx.text.USBD_CtlStall
                0x00000000d0000008        0x0 obj/usbd_ctlreq.o
                                          0x8 (size before relaxing)
 .ARM.exidx.text.USBD_HID_Setup
                0x00000000d0000008        0x0 obj/usbd_hid.o
                                          0x8 (size before relaxing)
 .ARM.exidx.text.USBD_HID_Init
                0x00000000d0000008        0x0 obj/usbd_hid.o
                                          0x8 (size before relaxing)
 .ARM.exidx.text.USBD_HID_DeInit
                0x00000000d0000008        0x0 obj/usbd_hid.o
                                          0x8 (size before relaxing)
 .ARM.exidx.text.USBD_HID_GetHidDescriptor_impl
                0x00000000d0000008        0x0 obj/usbd_impl.o
                                          0x8 (size before relaxing)
 .ARM.exidx.text.USBD_HID_GetReportDescriptor_impl
                0x00000000d0000008        0x0 obj/usbd_impl.o
                                          0x8 (size before relaxing)
 .ARM.exidx.text.USBD_HID_DataIn_impl
                0x00000000d0000008        0x0 obj/usbd_impl.o
                                          0x8 (size before relaxing)
 .ARM.exidx.text.USBD_HID_DataOut_impl
                0x00000000d0000008        0x0 obj/usbd_impl.o
                                          0x8 (size before relaxing)
 .ARM.exidx.text.USBD_WEBUSB_Init
                0x00000000d0000008        0x0 obj/usbd_impl.o
                                          0x8 (size before relaxing)
 .ARM.exidx.text.USBD_WEBUSB_DeInit
                0x00000000d0000008        0x0 obj/usbd_impl.o
                                          0x8 (size before relaxing)
 .ARM.exidx.text.USBD_WEBUSB_Setup
                0x00000000d0000008        0x0 obj/usbd_impl.o
                                          0x8 (size before relaxing)
 .ARM.exidx.text.USBD_WEBUSB_DataIn
                0x00000000d0000008        0x0 obj/usbd_impl.o
                                          0x8 (size before relaxing)
 .ARM.exidx.text.USBD_WEBUSB_DataOut
                0x00000000d0000008        0x0 obj/usbd_impl.o
                                          0x8 (size before relaxing)
 .ARM.exidx.text.USBD_DeviceDescriptor
                0x00000000d0000008        0x0 obj/usbd_impl.o
                                          0x8 (size before relaxing)
 .ARM.exidx.text.USBD_LangIDStrDescriptor
                0x00000000d0000008        0x0 obj/usbd_impl.o
                                          0x8 (size before relaxing)
 .ARM.exidx.text.USBD_ManufacturerStrDescriptor
                0x00000000d0000008        0x0 obj/usbd_impl.o
                                          0x8 (size before relaxing)
 .ARM.exidx.text.USBD_ProductStrDescriptor
                0x00000000d0000008        0x0 obj/usbd_impl.o
                                          0x8 (size before relaxing)
 .ARM.exidx.text.USBD_SerialStrDescriptor
                0x00000000d0000008        0x0 obj/usbd_impl.o
                                          0x8 (size before relaxing)
 .ARM.exidx.text.USBD_ConfigStrDescriptor
                0x00000000d0000008        0x0 obj/usbd_impl.o
                                          0x8 (size before relaxing)
 .ARM.exidx.text.USBD_InterfaceStrDescriptor
                0x00000000d0000008        0x0 obj/usbd_impl.o
                                          0x8 (size before relaxing)
 .ARM.exidx.text.USBD_BOSDescriptor
                0x00000000d0000008        0x0 obj/usbd_impl.o
                                          0x8 (size before relaxing)
 .ARM.exidx.text.USBD_CtlError
                0x00000000d0000008        0x0 obj/usbd_impl.o
                                          0x8 (size before relaxing)
 .ARM.exidx.text.USB_power
                0x00000000d0000008        0x0 obj/usbd_impl.o
                                          0x8 (size before relaxing)
 .ARM.exidx.text.USBD_GetCfgDesc_impl
                0x00000000d0000008        0x0 obj/usbd_impl.o
                                          0x8 (size before relaxing)
 .ARM.exidx.text.USBD_GetDeviceQualifierDesc_impl
                0x00000000d0000008        0x0 obj/usbd_impl.o
                                          0x8 (size before relaxing)
 .ARM.exidx.text.USBD_CtlSendData
                0x00000000d0000008        0x0 obj/usbd_ioreq.o
                                          0x8 (size before relaxing)
 .ARM.exidx.text.USBD_CtlContinueSendData
                0x00000000d0000008        0x0 obj/usbd_ioreq.o
                                          0x8 (size before relaxing)
 .ARM.exidx.text.USBD_CtlContinueRx
                0x00000000d0000008        0x0 obj/usbd_ioreq.o
                                          0x8 (size before relaxing)
 .ARM.exidx.text.USBD_CtlSendStatus
                0x00000000d0000008        0x0 obj/usbd_ioreq.o
                                          0x8 (size before relaxing)
 .ARM.exidx.text.USBD_CtlReceiveStatus
                0x00000000d0000008        0x0 obj/usbd_ioreq.o
                                          0x8 (size before relaxing)
 .ARM.exidx.text.ux_flow_is_first
                0x00000000d0000008        0x0 obj/ux_flow_engine.o
                                          0x8 (size before relaxing)
 .ARM.exidx.text.ux_flow_is_last
                0x00000000d0000008        0x0 obj/ux_flow_engine.o
                                          0x8 (size before relaxing)
 .ARM.exidx.text.ux_flow_next_internal
                0x00000000d0000008        0x0 obj/ux_flow_engine.o
                                          0x8 (size before relaxing)
 .ARM.exidx.text.ux_flow_prev
                0x00000000d0000008        0x0 obj/ux_flow_engine.o
                                          0x8 (size before relaxing)
 .ARM.exidx.text.ux_flow_engine_init_step
                0x00000000d0000008        0x0 obj/ux_flow_engine.o
                                          0x8 (size before relaxing)
 .ARM.exidx.text.ux_flow_validate
                0x00000000d0000008        0x0 obj/ux_flow_engine.o
                                          0x8 (size before relaxing)
 .ARM.exidx.text.ux_flow_init
                0x00000000d0000008        0x0 obj/ux_flow_engine.o
                                          0x8 (size before relaxing)
 .ARM.exidx.text.ux_flow_button_callback
                0x00000000d0000008        0x0 obj/ux_flow_engine.o
                                          0x8 (size before relaxing)
 .ARM.exidx.text.ux_stack_get_step_params
                0x00000000d0000008        0x0 obj/ux_flow_engine.o
                                          0x8 (size before relaxing)
 .ARM.exidx.text.ux_stack_get_current_step_params
                0x00000000d0000008        0x0 obj/ux_flow_engine.o
                                          0x8 (size before relaxing)
 .ARM.exidx.text.ux_layout_bb_init_common
                0x00000000d0000008        0x0 obj/ux_layout_bb.o
                                          0x8 (size before relaxing)
 .ARM.exidx.text.ux_layout_bn_prepro
                0x00000000d0000008        0x0 obj/ux_layout_bn.o
                                          0x8 (size before relaxing)
 .ARM.exidx.text.ux_layout_bn_init
                0x00000000d0000008        0x0 obj/ux_layout_bn.o
                                          0x8 (size before relaxing)
 .ARM.exidx.text.ux_layout_pb_prepro
                0x00000000d0000008        0x0 obj/ux_layout_pb.o
                                          0x8 (size before relaxing)
 .ARM.exidx.text.ux_layout_pb_init
                0x00000000d0000008        0x0 obj/ux_layout_pb.o
                                          0x8 (size before relaxing)
 .ARM.exidx.text.ux_layout_pbb_prepro
                0x00000000d0000008        0x0 obj/ux_layout_pbb.o
                                          0x8 (size before relaxing)
 .ARM.exidx.text.ux_layout_pbb_init_common
                0x00000000d0000008        0x0 obj/ux_layout_pbb.o
                                          0x8 (size before relaxing)
 .ARM.exidx.text.ux_layout_pnn_prepro
                0x00000000d0000008        0x0 obj/ux_layout_pnn.o
                                          0x8 (size before relaxing)
 .ARM.exidx.text.ux_layout_pnn_init
                0x00000000d0000008        0x0 obj/ux_layout_pnn.o
                                          0x8 (size before relaxing)
 .ARM.exidx.text.ux_layout_strings_prepro
                0x00000000d0000008        0x0 obj/ux_layout_utils.o
                                          0x8 (size before relaxing)
 .ARM.exidx.text.ux_stack_push
                0x00000000d0000008        0x0 obj/ux_stack.o
                                          0x8 (size before relaxing)
 .ARM.exidx.text.ux_stack_display
                0x00000000d0000008        0x0 obj/ux_stack.o
                                          0x8 (size before relaxing)
 .ARM.exidx.text.ux_stack_init
                0x00000000d0000008        0x0 obj/ux_stack.o
                                          0x8 (size before relaxing)
 .ARM.exidx.text.ux_stack_al_display_next_element
                0x00000000d0000008        0x0 obj/ux_stack.o
                                          0x8 (size before relaxing)

.rel.dyn        0x00000000d0000008        0x0
 .rel.iplt      0x00000000d0000008        0x0 obj/archethic.o

/DISCARD/
 *(.ARM.extab)
 *(.gnu.hash)
 *(.hash)
 *(.dynsym)
 *(.dynstr)

.stab
 *(.stab)

.stabstr
 *(.stabstr)

.stab.excl
 *(.stab.excl)

.stab.exclstr
 *(.stab.exclstr)

.stab.index
 *(.stab.index)

.stab.indexstr
 *(.stab.indexstr)

.comment        0x0000000000000000       0x66
 *(.comment)
 .comment       0x0000000000000000       0x66 obj/archethic.o
                                         0x67 (size before relaxing)
 .comment       0x0000000000000066       0x67 obj/getPublicKey.o
 .comment       0x0000000000000066       0x67 obj/getVersion.o
 .comment       0x0000000000000066       0x67 obj/glyphs.o
 .comment       0x0000000000000066       0x67 obj/io.o
 .comment       0x0000000000000066       0x67 obj/main.o
 .comment       0x0000000000000066       0x67 obj/menu.o
 .comment       0x0000000000000066       0x67 obj/os.o
 .comment       0x0000000000000066       0x67 obj/os_io_seproxyhal.o
 .comment       0x0000000000000066       0x67 obj/os_io_usb.o
 .comment       0x0000000000000066       0x67 obj/os_printf.o
 .comment       0x0000000000000066       0x67 obj/pic.o
 .comment       0x0000000000000066       0x67 obj/pic_internal.o
 .comment       0x0000000000000066       0x67 obj/signHash.o
 .comment       0x0000000000000066       0x67 obj/syscalls.o
 .comment       0x0000000000000066       0x67 obj/usbd_conf.o
 .comment       0x0000000000000066       0x67 obj/usbd_core.o
 .comment       0x0000000000000066       0x67 obj/usbd_ctlreq.o
 .comment       0x0000000000000066       0x67 obj/usbd_hid.o
 .comment       0x0000000000000066       0x67 obj/usbd_impl.o
 .comment       0x0000000000000066       0x67 obj/usbd_ioreq.o
 .comment       0x0000000000000066       0x67 obj/ux_flow_engine.o
 .comment       0x0000000000000066       0x67 obj/ux_layout_bb.o
 .comment       0x0000000000000066       0x67 obj/ux_layout_bn.o
 .comment       0x0000000000000066       0x67 obj/ux_layout_pb.o
 .comment       0x0000000000000066       0x67 obj/ux_layout_pbb.o
 .comment       0x0000000000000066       0x67 obj/ux_layout_pnn.o
 .comment       0x0000000000000066       0x67 obj/ux_layout_utils.o
 .comment       0x0000000000000066       0x67 obj/ux_stack.o

.note.GNU-stack
                0x0000000000000000        0x0
 .note.GNU-stack
                0x0000000000000000        0x0 obj/archethic.o
 .note.GNU-stack
                0x0000000000000000        0x0 obj/getPublicKey.o
 .note.GNU-stack
                0x0000000000000000        0x0 obj/getVersion.o
 .note.GNU-stack
                0x0000000000000000        0x0 obj/glyphs.o
 .note.GNU-stack
                0x0000000000000000        0x0 obj/io.o
 .note.GNU-stack
                0x0000000000000000        0x0 obj/main.o
 .note.GNU-stack
                0x0000000000000000        0x0 obj/menu.o
 .note.GNU-stack
                0x0000000000000000        0x0 obj/os.o
 .note.GNU-stack
                0x0000000000000000        0x0 obj/os_io_seproxyhal.o
 .note.GNU-stack
                0x0000000000000000        0x0 obj/os_io_usb.o
 .note.GNU-stack
                0x0000000000000000        0x0 obj/os_printf.o
 .note.GNU-stack
                0x0000000000000000        0x0 obj/pic.o
 .note.GNU-stack
                0x0000000000000000        0x0 obj/pic_internal.o
 .note.GNU-stack
                0x0000000000000000        0x0 obj/signHash.o
 .note.GNU-stack
                0x0000000000000000        0x0 obj/syscalls.o
 .note.GNU-stack
                0x0000000000000000        0x0 obj/usbd_conf.o
 .note.GNU-stack
                0x0000000000000000        0x0 obj/usbd_core.o
 .note.GNU-stack
                0x0000000000000000        0x0 obj/usbd_ctlreq.o
 .note.GNU-stack
                0x0000000000000000        0x0 obj/usbd_hid.o
 .note.GNU-stack
                0x0000000000000000        0x0 obj/usbd_impl.o
 .note.GNU-stack
                0x0000000000000000        0x0 obj/usbd_ioreq.o
 .note.GNU-stack
                0x0000000000000000        0x0 obj/ux_flow_engine.o
 .note.GNU-stack
                0x0000000000000000        0x0 obj/ux_layout_bb.o
 .note.GNU-stack
                0x0000000000000000        0x0 obj/ux_layout_bn.o
 .note.GNU-stack
                0x0000000000000000        0x0 obj/ux_layout_pb.o
 .note.GNU-stack
                0x0000000000000000        0x0 obj/ux_layout_pbb.o
 .note.GNU-stack
                0x0000000000000000        0x0 obj/ux_layout_pnn.o
 .note.GNU-stack
                0x0000000000000000        0x0 obj/ux_layout_utils.o
 .note.GNU-stack
                0x0000000000000000        0x0 obj/ux_stack.o

.ARM.attributes
                0x0000000000000000       0x37
 .ARM.attributes
                0x0000000000000000       0x47 obj/archethic.o
 .ARM.attributes
                0x0000000000000047       0x1c obj/cx_stubs.o
 .ARM.attributes
                0x0000000000000063       0x47 obj/getPublicKey.o
 .ARM.attributes
                0x00000000000000aa       0x47 obj/getVersion.o
 .ARM.attributes
                0x00000000000000f1       0x45 obj/glyphs.o
 .ARM.attributes
                0x0000000000000136       0x47 obj/io.o
 .ARM.attributes
                0x000000000000017d       0x47 obj/main.o
 .ARM.attributes
                0x00000000000001c4       0x47 obj/menu.o
 .ARM.attributes
                0x000000000000020b       0x47 obj/os.o
 .ARM.attributes
                0x0000000000000252       0x47 obj/os_io_seproxyhal.o
 .ARM.attributes
                0x0000000000000299       0x47 obj/os_io_usb.o
 .ARM.attributes
                0x00000000000002e0       0x47 obj/os_printf.o
 .ARM.attributes
                0x0000000000000327       0x47 obj/pic.o
 .ARM.attributes
                0x000000000000036e       0x47 obj/pic_internal.o
 .ARM.attributes
                0x00000000000003b5       0x47 obj/signHash.o
 .ARM.attributes
                0x00000000000003fc       0x1c obj/svc_call.o
 .ARM.attributes
                0x0000000000000418       0x47 obj/syscalls.o
 .ARM.attributes
                0x000000000000045f       0x47 obj/usbd_conf.o
 .ARM.attributes
                0x00000000000004a6       0x47 obj/usbd_core.o
 .ARM.attributes
                0x00000000000004ed       0x47 obj/usbd_ctlreq.o
 .ARM.attributes
                0x0000000000000534       0x47 obj/usbd_hid.o
 .ARM.attributes
                0x000000000000057b       0x47 obj/usbd_impl.o
 .ARM.attributes
                0x00000000000005c2       0x47 obj/usbd_ioreq.o
 .ARM.attributes
                0x0000000000000609       0x47 obj/ux_flow_engine.o
 .ARM.attributes
                0x0000000000000650       0x47 obj/ux_layout_bb.o
 .ARM.attributes
                0x0000000000000697       0x47 obj/ux_layout_bn.o
 .ARM.attributes
                0x00000000000006de       0x47 obj/ux_layout_pb.o
 .ARM.attributes
                0x0000000000000725       0x47 obj/ux_layout_pbb.o
 .ARM.attributes
                0x000000000000076c       0x47 obj/ux_layout_pnn.o
 .ARM.attributes
                0x00000000000007b3       0x47 obj/ux_layout_utils.o
 .ARM.attributes
                0x00000000000007fa       0x47 obj/ux_stack.o
 .ARM.attributes
                0x0000000000000841       0x1e /opt/dev-env/CC/others/gcc-arm-none-eabi-10.3-2021.10/bin/../lib/gcc/arm-none-eabi/10.3.1/thumb/v6-m/nofp/libgcc.a(_udivsi3.o)
 .ARM.attributes
                0x000000000000085f       0x1e /opt/dev-env/CC/others/gcc-arm-none-eabi-10.3-2021.10/bin/../lib/gcc/arm-none-eabi/10.3.1/thumb/v6-m/nofp/libgcc.a(_dvmd_tls.o)
 .ARM.attributes
                0x000000000000087d       0x2c /opt/dev-env/CC/others/gcc-arm-none-eabi-10.3-2021.10/bin/../lib/gcc/arm-none-eabi/10.3.1/thumb/v6-m/nofp/libgcc.a(_muldi3.o)
 .ARM.attributes
                0x00000000000008a9       0x2c /opt/dev-env/CC/others/gcc-arm-none-eabi-10.3-2021.10/bin/../lib/gcc/arm-none-eabi/10.3.1/../../../../arm-none-eabi/lib/thumb/v6-m/nofp/libc_nano.a(lib_a-aeabi_memclr.o)
 .ARM.attributes
                0x00000000000008d5       0x2c /opt/dev-env/CC/others/gcc-arm-none-eabi-10.3-2021.10/bin/../lib/gcc/arm-none-eabi/10.3.1/../../../../arm-none-eabi/lib/thumb/v6-m/nofp/libc_nano.a(lib_a-aeabi_memcpy.o)
 .ARM.attributes
                0x0000000000000901       0x2c /opt/dev-env/CC/others/gcc-arm-none-eabi-10.3-2021.10/bin/../lib/gcc/arm-none-eabi/10.3.1/../../../../arm-none-eabi/lib/thumb/v6-m/nofp/libc_nano.a(lib_a-aeabi_memmove.o)
 .ARM.attributes
                0x000000000000092d       0x2c /opt/dev-env/CC/others/gcc-arm-none-eabi-10.3-2021.10/bin/../lib/gcc/arm-none-eabi/10.3.1/../../../../arm-none-eabi/lib/thumb/v6-m/nofp/libc_nano.a(lib_a-aeabi_memset.o)
 .ARM.attributes
                0x0000000000000959       0x2c /opt/dev-env/CC/others/gcc-arm-none-eabi-10.3-2021.10/bin/../lib/gcc/arm-none-eabi/10.3.1/../../../../arm-none-eabi/lib/thumb/v6-m/nofp/libc_nano.a(lib_a-explicit_bzero.o)
 .ARM.attributes
                0x0000000000000985       0x2c /opt/dev-env/CC/others/gcc-arm-none-eabi-10.3-2021.10/bin/../lib/gcc/arm-none-eabi/10.3.1/../../../../arm-none-eabi/lib/thumb/v6-m/nofp/libc_nano.a(lib_a-memcpy-stub.o)
 .ARM.attributes
                0x00000000000009b1       0x2c /opt/dev-env/CC/others/gcc-arm-none-eabi-10.3-2021.10/bin/../lib/gcc/arm-none-eabi/10.3.1/../../../../arm-none-eabi/lib/thumb/v6-m/nofp/libc_nano.a(lib_a-memmove.o)
 .ARM.attributes
                0x00000000000009dd       0x2c /opt/dev-env/CC/others/gcc-arm-none-eabi-10.3-2021.10/bin/../lib/gcc/arm-none-eabi/10.3.1/../../../../arm-none-eabi/lib/thumb/v6-m/nofp/libc_nano.a(lib_a-memset.o)
 .ARM.attributes
                0x0000000000000a09       0x1c /opt/dev-env/CC/others/gcc-arm-none-eabi-10.3-2021.10/bin/../lib/gcc/arm-none-eabi/10.3.1/../../../../arm-none-eabi/lib/thumb/v6-m/nofp/libc_nano.a(lib_a-setjmp.o)
 .ARM.attributes
                0x0000000000000a25       0x1c /opt/dev-env/CC/others/gcc-arm-none-eabi-10.3-2021.10/bin/../lib/gcc/arm-none-eabi/10.3.1/../../../../arm-none-eabi/lib/thumb/v6-m/nofp/libc_nano.a(lib_a-strlen.o)
 .ARM.attributes
                0x0000000000000a41       0x2c /opt/dev-env/CC/others/gcc-arm-none-eabi-10.3-2021.10/bin/../lib/gcc/arm-none-eabi/10.3.1/../../../../arm-none-eabi/lib/thumb/v6-m/nofp/libc_nano.a(lib_a-bzero.o)

.debug
 *(.debug)

.line
 *(.line)

.debug_srcinfo
 *(.debug_srcinfo)

.debug_sfnames
 *(.debug_sfnames)

.debug_aranges  0x0000000000000000      0x3b8
 *(.debug_aranges)
 .debug_aranges
                0x0000000000000000      0x398 obj/cx_stubs.o
 .debug_aranges
                0x0000000000000398       0x20 obj/svc_call.o

.debug_pubnames
 *(.debug_pubnames)

.debug_info     0x0000000000000000     0xbdcf
 *(.debug_info .gnu.linkonce.wi.*)
 .debug_info    0x0000000000000000      0x3ea obj/archethic.o
 .debug_info    0x00000000000003ea       0x22 obj/cx_stubs.o
 .debug_info    0x000000000000040c      0x523 obj/getPublicKey.o
 .debug_info    0x000000000000092f      0x107 obj/getVersion.o
 .debug_info    0x0000000000000a36      0x20f obj/glyphs.o
 .debug_info    0x0000000000000c45      0x5e3 obj/io.o
 .debug_info    0x0000000000001228      0xa42 obj/main.o
 .debug_info    0x0000000000001c6a      0x421 obj/menu.o
 .debug_info    0x000000000000208b      0x5f7 obj/os.o
 .debug_info    0x0000000000002682      0xded obj/os_io_seproxyhal.o
 .debug_info    0x000000000000346f      0x2b3 obj/os_io_usb.o
 .debug_info    0x0000000000003722      0x3ee obj/os_printf.o
 .debug_info    0x0000000000003b10       0x4d obj/pic.o
 .debug_info    0x0000000000003b5d       0x3f obj/pic_internal.o
 .debug_info    0x0000000000003b9c      0x103 obj/signHash.o
 .debug_info    0x0000000000003c9f       0x26 obj/svc_call.o
 .debug_info    0x0000000000003cc5     0x3108 obj/syscalls.o
 .debug_info    0x0000000000006dcd      0x98d obj/usbd_conf.o
 .debug_info    0x000000000000775a      0xb3f obj/usbd_core.o
 .debug_info    0x0000000000008299      0xac7 obj/usbd_ctlreq.o
 .debug_info    0x0000000000008d60      0x6a0 obj/usbd_hid.o
 .debug_info    0x0000000000009400      0xc8c obj/usbd_impl.o
 .debug_info    0x000000000000a08c      0x740 obj/usbd_ioreq.o
 .debug_info    0x000000000000a7cc      0x363 obj/ux_flow_engine.o
 .debug_info    0x000000000000ab2f      0x222 obj/ux_layout_bb.o
 .debug_info    0x000000000000ad51      0x25f obj/ux_layout_bn.o
 .debug_info    0x000000000000afb0      0x2cb obj/ux_layout_pb.o
 .debug_info    0x000000000000b27b      0x31b obj/ux_layout_pbb.o
 .debug_info    0x000000000000b596      0x25f obj/ux_layout_pnn.o
 .debug_info    0x000000000000b7f5      0x268 obj/ux_layout_utils.o
 .debug_info    0x000000000000ba5d      0x372 obj/ux_stack.o

.debug_abbrev   0x0000000000000000     0x224c
 *(.debug_abbrev)
 .debug_abbrev  0x0000000000000000      0x129 obj/archethic.o
 .debug_abbrev  0x0000000000000129       0x12 obj/cx_stubs.o
 .debug_abbrev  0x000000000000013b      0x122 obj/getPublicKey.o
 .debug_abbrev  0x000000000000025d       0x88 obj/getVersion.o
 .debug_abbrev  0x00000000000002e5       0x7e obj/glyphs.o
 .debug_abbrev  0x0000000000000363      0x143 obj/io.o
 .debug_abbrev  0x00000000000004a6      0x1cb obj/main.o
 .debug_abbrev  0x0000000000000671       0xf3 obj/menu.o
 .debug_abbrev  0x0000000000000764      0x19b obj/os.o
 .debug_abbrev  0x00000000000008ff      0x2e5 obj/os_io_seproxyhal.o
 .debug_abbrev  0x0000000000000be4      0x13e obj/os_io_usb.o
 .debug_abbrev  0x0000000000000d22      0x141 obj/os_printf.o
 .debug_abbrev  0x0000000000000e63       0x3f obj/pic.o
 .debug_abbrev  0x0000000000000ea2       0x30 obj/pic_internal.o
 .debug_abbrev  0x0000000000000ed2       0x85 obj/signHash.o
 .debug_abbrev  0x0000000000000f57       0x14 obj/svc_call.o
 .debug_abbrev  0x0000000000000f6b      0x16b obj/syscalls.o
 .debug_abbrev  0x00000000000010d6      0x15a obj/usbd_conf.o
 .debug_abbrev  0x0000000000001230      0x1f7 obj/usbd_core.o
 .debug_abbrev  0x0000000000001427      0x20d obj/usbd_ctlreq.o
 .debug_abbrev  0x0000000000001634      0x114 obj/usbd_hid.o
 .debug_abbrev  0x0000000000001748      0x172 obj/usbd_impl.o
 .debug_abbrev  0x00000000000018ba       0xf6 obj/usbd_ioreq.o
 .debug_abbrev  0x00000000000019b0      0x19e obj/ux_flow_engine.o
 .debug_abbrev  0x0000000000001b4e      0x10d obj/ux_layout_bb.o
 .debug_abbrev  0x0000000000001c5b       0xca obj/ux_layout_bn.o
 .debug_abbrev  0x0000000000001d25       0xeb obj/ux_layout_pb.o
 .debug_abbrev  0x0000000000001e10      0x133 obj/ux_layout_pbb.o
 .debug_abbrev  0x0000000000001f43       0xca obj/ux_layout_pnn.o
 .debug_abbrev  0x000000000000200d       0xef obj/ux_layout_utils.o
 .debug_abbrev  0x00000000000020fc      0x150 obj/ux_stack.o

.debug_line     0x0000000000000000     0x7665
 *(.debug_line)
 .debug_line    0x0000000000000000      0x1a1 obj/archethic.o
 .debug_line    0x00000000000001a1      0x796 obj/cx_stubs.o
 .debug_line    0x0000000000000937      0x223 obj/getPublicKey.o
 .debug_line    0x0000000000000b5a       0x8d obj/getVersion.o
 .debug_line    0x0000000000000be7       0x61 obj/glyphs.o
 .debug_line    0x0000000000000c48      0x4c2 obj/io.o
 .debug_line    0x000000000000110a      0x31e obj/main.o
 .debug_line    0x0000000000001428      0x15b obj/menu.o
 .debug_line    0x0000000000001583      0x50b obj/os.o
 .debug_line    0x0000000000001a8e      0xc3a obj/os_io_seproxyhal.o
 .debug_line    0x00000000000026c8      0x36f obj/os_io_usb.o
 .debug_line    0x0000000000002a37      0x6fc obj/os_printf.o
 .debug_line    0x0000000000003133       0x72 obj/pic.o
 .debug_line    0x00000000000031a5       0x6b obj/pic_internal.o
 .debug_line    0x0000000000003210       0x95 obj/signHash.o
 .debug_line    0x00000000000032a5       0x63 obj/svc_call.o
 .debug_line    0x0000000000003308     0x19b8 obj/syscalls.o
 .debug_line    0x0000000000004cc0      0x2d8 obj/usbd_conf.o
 .debug_line    0x0000000000004f98      0x5e6 obj/usbd_core.o
 .debug_line    0x000000000000557e      0x701 obj/usbd_ctlreq.o
 .debug_line    0x0000000000005c7f      0x1b7 obj/usbd_hid.o
 .debug_line    0x0000000000005e36      0x4c9 obj/usbd_impl.o
 .debug_line    0x00000000000062ff      0x1ca obj/usbd_ioreq.o
 .debug_line    0x00000000000064c9      0x63f obj/ux_flow_engine.o
 .debug_line    0x0000000000006b08      0x127 obj/ux_layout_bb.o
 .debug_line    0x0000000000006c2f      0x128 obj/ux_layout_bn.o
 .debug_line    0x0000000000006d57      0x15a obj/ux_layout_pb.o
 .debug_line    0x0000000000006eb1      0x17d obj/ux_layout_pbb.o
 .debug_line    0x000000000000702e      0x129 obj/ux_layout_pnn.o
 .debug_line    0x0000000000007157      0x16f obj/ux_layout_utils.o
 .debug_line    0x00000000000072c6      0x39f obj/ux_stack.o

.debug_frame    0x0000000000000000     0x269c
 *(.debug_frame)
 .debug_frame   0x0000000000000000       0x30 obj/archethic.o
 .debug_frame   0x0000000000000030       0x4c obj/getPublicKey.o
 .debug_frame   0x000000000000007c       0x30 obj/getVersion.o
 .debug_frame   0x00000000000000ac       0xb0 obj/io.o
 .debug_frame   0x000000000000015c       0x78 obj/main.o
 .debug_frame   0x00000000000001d4       0x98 obj/menu.o
 .debug_frame   0x000000000000026c      0x144 obj/os.o
 .debug_frame   0x00000000000003b0      0x320 obj/os_io_seproxyhal.o
 .debug_frame   0x00000000000006d0       0x78 obj/os_io_usb.o
 .debug_frame   0x0000000000000748       0x78 obj/os_printf.o
 .debug_frame   0x00000000000007c0       0x28 obj/pic.o
 .debug_frame   0x00000000000007e8       0x20 obj/pic_internal.o
 .debug_frame   0x0000000000000808       0x28 obj/signHash.o
 .debug_frame   0x0000000000000830     0x1078 obj/syscalls.o
 .debug_frame   0x00000000000018a8      0x168 obj/usbd_conf.o
 .debug_frame   0x0000000000001a10      0x1f4 obj/usbd_core.o
 .debug_frame   0x0000000000001c04      0x1a4 obj/usbd_ctlreq.o
 .debug_frame   0x0000000000001da8       0x60 obj/usbd_hid.o
 .debug_frame   0x0000000000001e08      0x1a8 obj/usbd_impl.o
 .debug_frame   0x0000000000001fb0       0xa8 obj/usbd_ioreq.o
 .debug_frame   0x0000000000002058      0x1bc obj/ux_flow_engine.o
 .debug_frame   0x0000000000002214       0x40 obj/ux_layout_bb.o
 .debug_frame   0x0000000000002254       0x40 obj/ux_layout_bn.o
 .debug_frame   0x0000000000002294       0x48 obj/ux_layout_pb.o
 .debug_frame   0x00000000000022dc       0x60 obj/ux_layout_pbb.o
 .debug_frame   0x000000000000233c       0x40 obj/ux_layout_pnn.o
 .debug_frame   0x000000000000237c       0x58 obj/ux_layout_utils.o
 .debug_frame   0x00000000000023d4      0x114 obj/ux_stack.o
 .debug_frame   0x00000000000024e8       0x20 /opt/dev-env/CC/others/gcc-arm-none-eabi-10.3-2021.10/bin/../lib/gcc/arm-none-eabi/10.3.1/thumb/v6-m/nofp/libgcc.a(_udivsi3.o)
 .debug_frame   0x0000000000002508       0x34 /opt/dev-env/CC/others/gcc-arm-none-eabi-10.3-2021.10/bin/../lib/gcc/arm-none-eabi/10.3.1/thumb/v6-m/nofp/libgcc.a(_muldi3.o)
 .debug_frame   0x000000000000253c       0x28 /opt/dev-env/CC/others/gcc-arm-none-eabi-10.3-2021.10/bin/../lib/gcc/arm-none-eabi/10.3.1/../../../../arm-none-eabi/lib/thumb/v6-m/nofp/libc_nano.a(lib_a-aeabi_memclr.o)
 .debug_frame   0x0000000000002564       0x28 /opt/dev-env/CC/others/gcc-arm-none-eabi-10.3-2021.10/bin/../lib/gcc/arm-none-eabi/10.3.1/../../../../arm-none-eabi/lib/thumb/v6-m/nofp/libc_nano.a(lib_a-aeabi_memcpy.o)
 .debug_frame   0x000000000000258c       0x28 /opt/dev-env/CC/others/gcc-arm-none-eabi-10.3-2021.10/bin/../lib/gcc/arm-none-eabi/10.3.1/../../../../arm-none-eabi/lib/thumb/v6-m/nofp/libc_nano.a(lib_a-aeabi_memmove.o)
 .debug_frame   0x00000000000025b4       0x28 /opt/dev-env/CC/others/gcc-arm-none-eabi-10.3-2021.10/bin/../lib/gcc/arm-none-eabi/10.3.1/../../../../arm-none-eabi/lib/thumb/v6-m/nofp/libc_nano.a(lib_a-aeabi_memset.o)
 .debug_frame   0x00000000000025dc       0x28 /opt/dev-env/CC/others/gcc-arm-none-eabi-10.3-2021.10/bin/../lib/gcc/arm-none-eabi/10.3.1/../../../../arm-none-eabi/lib/thumb/v6-m/nofp/libc_nano.a(lib_a-explicit_bzero.o)
 .debug_frame   0x0000000000002604       0x28 /opt/dev-env/CC/others/gcc-arm-none-eabi-10.3-2021.10/bin/../lib/gcc/arm-none-eabi/10.3.1/../../../../arm-none-eabi/lib/thumb/v6-m/nofp/libc_nano.a(lib_a-memcpy-stub.o)
 .debug_frame   0x000000000000262c       0x28 /opt/dev-env/CC/others/gcc-arm-none-eabi-10.3-2021.10/bin/../lib/gcc/arm-none-eabi/10.3.1/../../../../arm-none-eabi/lib/thumb/v6-m/nofp/libc_nano.a(lib_a-memmove.o)
 .debug_frame   0x0000000000002654       0x20 /opt/dev-env/CC/others/gcc-arm-none-eabi-10.3-2021.10/bin/../lib/gcc/arm-none-eabi/10.3.1/../../../../arm-none-eabi/lib/thumb/v6-m/nofp/libc_nano.a(lib_a-memset.o)
 .debug_frame   0x0000000000002674       0x28 /opt/dev-env/CC/others/gcc-arm-none-eabi-10.3-2021.10/bin/../lib/gcc/arm-none-eabi/10.3.1/../../../../arm-none-eabi/lib/thumb/v6-m/nofp/libc_nano.a(lib_a-bzero.o)

.debug_str      0x0000000000000000     0x4490
 *(.debug_str)
 .debug_str     0x0000000000000000      0x46d obj/archethic.o
                                        0x4a9 (size before relaxing)
 .debug_str     0x000000000000046d       0x3f obj/cx_stubs.o
                                         0x62 (size before relaxing)
 .debug_str     0x00000000000004ac      0x30d obj/getPublicKey.o
                                        0x6f3 (size before relaxing)
 .debug_str     0x00000000000007b9       0x22 obj/getVersion.o
                                        0x13b (size before relaxing)
 .debug_str     0x00000000000007db      0x171 obj/glyphs.o
                                        0x244 (size before relaxing)
 .debug_str     0x000000000000094c      0x149 obj/io.o
                                        0x4b0 (size before relaxing)
 .debug_str     0x0000000000000a95      0x4eb obj/main.o
                                        0x85f (size before relaxing)
 .debug_str     0x0000000000000f80      0x2fe obj/menu.o
                                        0x45e (size before relaxing)
 .debug_str     0x000000000000127e      0x1b8 obj/os.o
                                        0x2e5 (size before relaxing)
 .debug_str     0x0000000000001436      0x714 obj/os_io_seproxyhal.o
                                        0xc02 (size before relaxing)
 .debug_str     0x0000000000001b4a      0x196 obj/os_io_usb.o
                                        0x340 (size before relaxing)
 .debug_str     0x0000000000001ce0      0x152 obj/os_printf.o
                                        0x237 (size before relaxing)
 .debug_str     0x0000000000001e32       0x3d obj/pic.o
                                         0xc6 (size before relaxing)
 .debug_str     0x0000000000001e6f       0x42 obj/pic_internal.o
                                         0xcb (size before relaxing)
 .debug_str     0x0000000000001eb1       0x1e obj/signHash.o
                                        0x122 (size before relaxing)